# Path: mpy-cross
# Arch: x86_64
# Object files:
[  0] linker synthesized
[  1] build/py/mpstate.o
[  2] build/py/nlr.o
[  3] build/py/nlrx64.o
[  4] build/py/malloc.o
[  5] build/py/gc.o
[  6] build/py/qstr.o
[  7] build/py/vstr.o
[  8] build/py/mpprint.o
[  9] build/py/unicode.o
[ 10] build/py/mpz.o
[ 11] build/py/reader.o
[ 12] build/py/lexer.o
[ 13] build/py/parse.o
[ 14] build/py/scope.o
[ 15] build/py/compile.o
[ 16] build/py/emitcommon.o
[ 17] build/py/emitbc.o
[ 18] build/py/asmbase.o
[ 19] build/py/asmx64.o
[ 20] build/py/emitnx64.o
[ 21] build/py/asmx86.o
[ 22] build/py/emitnx86.o
[ 23] build/py/asmthumb.o
[ 24] build/py/emitnthumb.o
[ 25] build/py/emitinlinethumb.o
[ 26] build/py/asmarm.o
[ 27] build/py/emitnarm.o
[ 28] build/py/asmxtensa.o
[ 29] build/py/emitnxtensa.o
[ 30] build/py/emitinlinextensa.o
[ 31] build/py/emitnxtensawin.o
[ 32] build/py/formatfloat.o
[ 33] build/py/parsenumbase.o
[ 34] build/py/parsenum.o
[ 35] build/py/emitglue.o
[ 36] build/py/persistentcode.o
[ 37] build/py/runtime.o
[ 38] build/py/nativeglue.o
[ 39] build/py/stackctrl.o
[ 40] build/py/argcheck.o
[ 41] build/py/warning.o
[ 42] build/py/map.o
[ 43] build/py/obj.o
[ 44] build/py/objarray.o
[ 45] build/py/objbool.o
[ 46] build/py/objboundmeth.o
[ 47] build/py/objcomplex.o
[ 48] build/py/objdict.o
[ 49] build/py/objenumerate.o
[ 50] build/py/objexcept.o
[ 51] build/py/objfilter.o
[ 52] build/py/objfloat.o
[ 53] build/py/objfun.o
[ 54] build/py/objgenerator.o
[ 55] build/py/objgetitemiter.o
[ 56] build/py/objint.o
[ 57] build/py/objint_mpz.o
[ 58] build/py/objlist.o
[ 59] build/py/objmap.o
[ 60] build/py/objmodule.o
[ 61] build/py/objobject.o
[ 62] build/py/objpolyiter.o
[ 63] build/py/objproperty.o
[ 64] build/py/objnone.o
[ 65] build/py/objrange.o
[ 66] build/py/objreversed.o
[ 67] build/py/objset.o
[ 68] build/py/objsingleton.o
[ 69] build/py/objslice.o
[ 70] build/py/objstr.o
[ 71] build/py/objstrunicode.o
[ 72] build/py/objtuple.o
[ 73] build/py/objtype.o
[ 74] build/py/objzip.o
[ 75] build/py/opmethods.o
[ 76] build/py/sequence.o
[ 77] build/py/stream.o
[ 78] build/py/binary.o
[ 79] build/py/builtinimport.o
[ 80] build/py/builtinevex.o
[ 81] build/py/modbuiltins.o
[ 82] build/py/modmicropython.o
[ 83] build/py/modstruct.o
[ 84] build/py/vm.o
[ 85] build/py/bc.o
[ 86] build/py/smallint.o
[ 87] build/main.o
[ 88] build/gccollect.o
[ 89] build/shared/runtime/gchelper_generic.o
[ 90] /Applications/Xcode.app/Contents/Developer/Platforms/MacOSX.platform/Developer/SDKs/MacOSX.sdk/usr/lib/libm.tbd
# Sections:
# Address	Size    	Segment	Section
0x100000920	0x0004535D	__TEXT	__text
0x100045C7E	0x000000C0	__TEXT	__stubs
0x100045D40	0x000012C5	__TEXT	__const
0x100047005	0x00004FAF	__TEXT	__cstring
0x10004BFB4	0x00000048	__TEXT	__unwind_info
0x10004C000	0x000001C8	__DATA_CONST	__got
0x10004C1D0	0x00003D20	__DATA_CONST	__const
0x100050000	0x00000008	__DATA	__data
0x100050008	0x00000334	__DATA	__common
0x10005033C	0x00000004	__DATA	__bss
# Symbols:
# Address	Size    	File  Name
0x100000920	0x0000001A	[  2] _nlr_push_tail
0x10000093A	0x00000018	[  2] _nlr_pop
0x100000952	0x00000032	[  3] _nlr_push
0x100000984	0x00000053	[  3] _nlr_jump
0x1000009D7	0x00000029	[  4] _m_malloc
0x100000A00	0x0000000C	[  4] _m_malloc_maybe
0x100000A0C	0x0000000A	[  4] _m_malloc0
0x100000A16	0x0000002C	[  4] _m_realloc
0x100000A42	0x0000000A	[  4] _m_realloc_maybe
0x100000A4C	0x0000000A	[  4] _m_free
0x100000A60	0x00000090	[  5] _gc_init
0x100000AF0	0x00000020	[  5] _gc_is_locked
0x100000B10	0x00000040	[  5] _gc_collect_start
0x100000B50	0x000001C0	[  5] _gc_collect_root
0x100000D10	0x00000280	[  5] _gc_collect_end
0x100000F90	0x00000200	[  5] _gc_alloc
0x100001190	0x000000E0	[  5] _gc_free
0x100001270	0x00000360	[  5] _gc_realloc
0x1000015D0	0x00000040	[  6] _qstr_compute_hash
0x100001610	0x00000023	[  6] _qstr_init
0x100001633	0x000000E3	[  6] _qstr_find_strn
0x100001716	0x0000001F	[  6] _qstr_from_str
0x100001735	0x00000264	[  6] _qstr_from_strn
0x100001999	0x00000027	[  6] _qstr_hash
0x1000019C0	0x0000002E	[  6] _find_qstr
0x1000019EE	0x00000027	[  6] _qstr_len
0x100001A15	0x00000024	[  6] _qstr_str
0x100001A39	0x00000039	[  6] _qstr_data
0x100001A72	0x00000034	[  7] _vstr_init
0x100001AA6	0x0000003D	[  7] _vstr_init_len
0x100001AE3	0x00000044	[  7] _vstr_init_print
0x100001B27	0x0000003D	[  7] _vstr_add_strn
0x100001B64	0x00000027	[  7] _vstr_clear
0x100001B8B	0x00000049	[  7] _vstr_extend
0x100001BD4	0x0000004C	[  7] _vstr_ensure_extra
0x100001C20	0x00000036	[  7] _vstr_null_terminated_str
0x100001C56	0x00000030	[  7] _vstr_add_byte
0x100001C86	0x00000136	[  7] _vstr_add_char
0x100001DBC	0x00000048	[  7] _vstr_add_str
0x100001E04	0x00000017	[  7] _vstr_cut_tail_bytes
0x100001E1E	0x0000003A	[  8] _mp_print_str
0x100001E58	0x0000011F	[  8] _mp_print_strn
0x100001F77	0x00000468	[  8] _mp_print_mp_int
0x1000023DF	0x000000F6	[  8] _mp_print_float
0x1000024D5	0x0000009A	[  8] _mp_printf
0x10000256F	0x000005C9	[  8] _mp_vprintf
0x100002B38	0x0000017F	[  8] _mp_print_int
0x100002CB7	0x0000005C	[  9] _utf8_get_char
0x100002D13	0x00000017	[  9] _utf8_next_char
0x100002D2A	0x00000023	[  9] _utf8_ptr_to_index
0x100002D4D	0x0000002C	[  9] _utf8_charlen
0x100002D79	0x0000001E	[  9] _unichar_isspace
0x100002D97	0x0000001F	[  9] _unichar_isalpha
0x100002DB6	0x0000001E	[  9] _unichar_isdigit
0x100002DD4	0x0000001F	[  9] _unichar_isxdigit
0x100002DF3	0x0000001E	[  9] _unichar_isupper
0x100002E11	0x0000001E	[  9] _unichar_islower
0x100002E2F	0x0000001F	[  9] _unichar_tolower
0x100002E4E	0x0000001F	[  9] _unichar_toupper
0x100002E6D	0x00000019	[  9] _unichar_xdigit_value
0x100002E86	0x00000055	[  9] _utf8_check
0x100002EDB	0x00000014	[ 10] _mpz_init_zero
0x100002EEF	0x00000063	[ 10] _mpz_set_from_int
0x100002F52	0x00000024	[ 10] _mpz_init_fixed_from_int
0x100002F76	0x0000001A	[ 10] _mpz_deinit
0x100002F90	0x0000004B	[ 10] _mpz_set
0x100002FDB	0x0000005B	[ 10] _mpz_need_dig
0x100003036	0x0000006E	[ 10] _mpz_set_from_ll
0x1000030A4	0x0000017A	[ 10] _mpz_set_from_float
0x10000321E	0x0000011C	[ 10] _mpz_set_from_str
0x10000333A	0x000000DA	[ 10] _mpz_set_from_bytes
0x100003414	0x00000079	[ 10] _mpz_cmp
0x10000348D	0x00000020	[ 10] _mpz_abs_inpl
0x1000034AD	0x00000027	[ 10] _mpz_neg_inpl
0x1000034D4	0x000000AC	[ 10] _mpz_not_inpl
0x100003580	0x00000091	[ 10] _mpn_sub
0x100003611	0x00000084	[ 10] _mpn_add
0x100003695	0x0000010B	[ 10] _mpz_shl_inpl
0x1000037A0	0x00000138	[ 10] _mpz_shr_inpl
0x1000038D8	0x00000065	[ 10] _mpn_shr
0x10000393D	0x000000ED	[ 10] _mpz_add_inpl
0x100003A2A	0x00000103	[ 10] _mpz_sub_inpl
0x100003B2D	0x0000017A	[ 10] _mpz_and_inpl
0x100003CA7	0x00000188	[ 10] _mpz_or_inpl
0x100003E2F	0x00000145	[ 10] _mpz_xor_inpl
0x100003F74	0x00000179	[ 10] _mpz_mul_inpl
0x1000040ED	0x0000006E	[ 10] _mpz_clone
0x10000415B	0x00000026	[ 10] _mpz_free
0x100004181	0x00000136	[ 10] _mpz_pow_inpl
0x1000042B7	0x0000040F	[ 10] _mpz_divmod_inpl
0x1000046C6	0x0000003D	[ 10] _mpz_hash
0x100004703	0x0000004E	[ 10] _mpz_as_int_checked
0x100004751	0x000000D4	[ 10] _mpz_as_bytes
0x100004825	0x00000052	[ 10] _mpz_as_float
0x100004877	0x000001EC	[ 10] _mpz_as_str_inpl
0x100004A63	0x0000008A	[ 11] _mp_reader_new_file_from_fd
0x100004AED	0x00000060	[ 11] _mp_reader_posix_readbyte
0x100004B4D	0x00000024	[ 11] _mp_reader_posix_close
0x100004B71	0x0000003F	[ 11] _mp_reader_new_file
0x100004BB0	0x00000B24	[ 12] _mp_lexer_to_next
0x1000056D4	0x0000008D	[ 12] _skip_whitespace
0x100005761	0x0000006B	[ 12] _is_string_or_bytes
0x1000057CC	0x000000EC	[ 12] _next_char
0x1000058B8	0x000000C5	[ 12] _mp_lexer_new
0x100005980	0x00000047	[ 12] _mp_lexer_new_from_file
0x1000059CA	0x00000045	[ 12] _mp_lexer_free
0x100005A10	0x00000019	[ 13] _mp_parse_node_is_const_false
0x100005A29	0x0000001B	[ 13] _mp_parse_node_is_const_true
0x100005A44	0x00000052	[ 13] _mp_parse_node_get_int_maybe
0x100005A96	0x00000040	[ 13] _mp_parse_node_extract_list
0x100005AD6	0x00000962	[ 13] _mp_parse
0x100006438	0x0000007F	[ 13] _push_rule
0x1000064B7	0x00000191	[ 13] _push_result_token
0x100006648	0x0000002E	[ 13] _push_rule_from_arg
0x100006676	0x0000004F	[ 13] _push_result_node
0x1000066C5	0x00000025	[ 13] _pop_result
0x1000066EA	0x0000099E	[ 13] _push_result_rule
0x100007088	0x00000027	[ 13] _mp_parse_tree_clear
0x1000070AF	0x00000060	[ 13] _make_node_const_object_optimised
0x10000710F	0x000000B3	[ 13] _parser_alloc
0x1000071C2	0x00000060	[ 13] _mp_parse_node_is_const
0x100007222	0x0000010A	[ 13] _mp_parse_node_convert_to_obj
0x10000732C	0x00000027	[ 13] _peek_rule
0x100007353	0x00000111	[ 13] _build_tuple_from_stack
0x100007464	0x00000093	[ 14] _scope_new
0x1000074F7	0x00000020	[ 14] _scope_free
0x100007517	0x00000099	[ 14] _scope_find_or_add_id
0x1000075B0	0x00000024	[ 14] _scope_find
0x1000075D4	0x00000030	[ 14] _scope_find_global
0x100007604	0x000000AC	[ 14] _scope_check_to_close_over
0x1000076B0	0x0000078F	[ 15] _mp_compile_to_raw_code
0x100007E3F	0x00000488	[ 15] _compile_scope_inline_asm
0x1000082C7	0x00000552	[ 15] _compile_scope
0x10000881C	0x0000004A	[ 15] _compile_syntax_error
0x100008866	0x000000B9	[ 15] _compile_node
0x10000891F	0x00000084	[ 15] _apply_to_single_or_list
0x1000089A3	0x00000076	[ 15] _compile_viper_type_annotation
0x100008A19	0x00000038	[ 15] _compile_load_id
0x100008A51	0x00000157	[ 15] _compile_scope_comp_iter
0x100008BA8	0x00000033	[ 15] _compile_store_id
0x100008BDB	0x0000006F	[ 15] _compile_generic_all_nodes
0x100008C4A	0x000002C3	[ 15] _compile_decorated
0x100008F0D	0x00000027	[ 15] _compile_funcdef
0x100008F34	0x00000371	[ 15] _compile_expr_stmt
0x1000092A5	0x00000071	[ 15] _compile_generic_tuple
0x100009316	0x0000001A	[ 15] _compile_del_stmt
0x100009330	0x0000005E	[ 15] _compile_break_cont_stmt
0x10000938E	0x000000CE	[ 15] _compile_return_stmt
0x10000945C	0x00000026	[ 15] _compile_yield_stmt
0x100009482	0x0000006B	[ 15] _compile_raise_stmt
0x1000094ED	0x0000001A	[ 15] _compile_import_name
0x100009507	0x00000272	[ 15] _compile_import_from
0x100009779	0x0000012D	[ 15] _compile_global_nonlocal_stmt
0x1000098A6	0x000000B3	[ 15] _compile_assert_stmt
0x100009959	0x0000035A	[ 15] _compile_async_stmt
0x100009CB3	0x000001A7	[ 15] _compile_if_stmt
0x100009E5A	0x0000010F	[ 15] _compile_while_stmt
0x100009F69	0x000004AF	[ 15] _compile_for_stmt
0x10000A418	0x000000DD	[ 15] _compile_try_stmt
0x10000A4F5	0x00000049	[ 15] _compile_with_stmt
0x10000A53E	0x00000015	[ 15] _compile_namedexpr
0x10000A553	0x000000C7	[ 15] _compile_test_if_expr
0x10000A61A	0x0000007C	[ 15] _compile_lambdef
0x10000A696	0x000000AF	[ 15] _compile_or_and_test
0x10000A745	0x0000002E	[ 15] _compile_not_test_2
0x10000A773	0x000001D7	[ 15] _compile_comparison
0x10000A94A	0x00000011	[ 15] _compile_star_expr
0x10000A95B	0x00000070	[ 15] _compile_binary_op
0x10000A9CB	0x0000006A	[ 15] _compile_term
0x10000AA35	0x00000051	[ 15] _compile_factor_2
0x10000AA86	0x0000002A	[ 15] _compile_power
0x10000AAB0	0x00000044	[ 15] _compile_atom_expr_await
0x10000AAF4	0x000001DC	[ 15] _compile_atom_expr_normal
0x10000ACD0	0x0000006E	[ 15] _compile_atom_paren
0x10000AD3E	0x000000B8	[ 15] _compile_atom_bracket
0x10000ADF6	0x0000026B	[ 15] _compile_atom_brace
0x10000B061	0x00000012	[ 15] _compile_trailer_paren
0x10000B073	0x0000002B	[ 15] _compile_trailer_bracket
0x10000B09E	0x00000023	[ 15] _compile_trailer_period
0x10000B0C1	0x00000117	[ 15] _compile_subscript
0x10000B1D8	0x00000026	[ 15] _compile_dictorsetmaker_item
0x10000B1FE	0x00000027	[ 15] _compile_classdef
0x10000B225	0x0000009C	[ 15] _compile_yield_expr
0x10000B2C1	0x0000001D	[ 15] _compile_const_object
0x10000B2DE	0x00000087	[ 15] _compile_funcdef_helper
0x10000B365	0x000000CB	[ 15] _compile_classdef_helper
0x10000B430	0x000000B1	[ 15] _compile_funcdef_lambdef
0x10000B4E1	0x0000016B	[ 15] _compile_funcdef_lambdef_param
0x10000B64C	0x00000167	[ 15] _close_over_variables_etc
0x10000B7B3	0x00000230	[ 15] _compile_trailer_paren_helper
0x10000B9E3	0x0000007E	[ 15] _compile_namedexpr_helper
0x10000BA61	0x000000FB	[ 15] _compile_comprehension
0x10000BB5C	0x00000345	[ 15] _c_assign
0x10000BEA1	0x0000010D	[ 15] _c_assign_tuple
0x10000BFAE	0x0000022D	[ 15] _c_del_stmt
0x10000C1DB	0x00000033	[ 15] _compile_delete_id
0x10000C20E	0x000001E9	[ 15] _c_if_cond
0x10000C3F7	0x00000057	[ 15] _compile_dotted_as_name
0x10000C44E	0x0000021C	[ 15] _do_import_name
0x10000C66A	0x00000040	[ 15] _compile_decrease_except_level
0x10000C6AA	0x00000052	[ 15] _compile_yield_from
0x10000C6FC	0x0000040C	[ 15] _compile_async_with_stmt_helper
0x10000CB08	0x000000F0	[ 15] _compile_try_finally
0x10000CBF8	0x000002F3	[ 15] _compile_try_except
0x10000CEEB	0x0000013A	[ 15] _compile_with_stmt_helper
0x10000D025	0x00000190	[ 15] _compile_scope_func_lambda_param
0x10000D1B8	0x00000048	[ 16] _mp_emit_common_use_qstr
0x10000D200	0x00000057	[ 16] _mp_emit_common_use_const_obj
0x10000D257	0x0000009E	[ 16] _strictly_equal
0x10000D2F5	0x0000002C	[ 16] _mp_emit_common_get_id_for_modification
0x10000D321	0x000000BB	[ 16] _mp_emit_common_id_op
0x10000D3DC	0x0000001E	[ 17] _emit_bc_new
0x10000D3FA	0x00000025	[ 17] _emit_bc_set_max_num_labels
0x10000D41F	0x00000020	[ 17] _emit_bc_free
0x10000D43F	0x0000026D	[ 17] _mp_emit_bc_start_pass
0x10000D6AC	0x0000015C	[ 17] _mp_emit_bc_end_pass
0x10000D808	0x00000012	[ 17] _mp_emit_bc_last_emit_was_return_value
0x10000D81A	0x00000039	[ 17] _mp_emit_bc_adjust_stack_size
0x10000D853	0x00000129	[ 17] _mp_emit_bc_set_source_line
0x10000D97C	0x0000004B	[ 17] _mp_emit_bc_label_assign
0x10000D9C7	0x0000008C	[ 17] _mp_emit_bc_import
0x10000DA53	0x0000007B	[ 17] _mp_emit_bc_load_const_tok
0x10000DACE	0x0000011B	[ 17] _mp_emit_bc_load_const_small_int
0x10000DBE9	0x0000004A	[ 17] _mp_emit_bc_load_const_str
0x10000DC33	0x00000049	[ 17] _mp_emit_bc_load_const_obj
0x10000DC7C	0x0000002A	[ 17] _mp_emit_bc_load_null
0x10000DCA6	0x00000083	[ 17] _mp_emit_bc_load_local
0x10000DD29	0x0000005A	[ 17] _mp_emit_bc_load_global
0x10000DD83	0x00000060	[ 17] _mp_emit_bc_load_method
0x10000DDE3	0x0000002A	[ 17] _mp_emit_bc_load_build_class
0x10000DE0D	0x0000007D	[ 17] _mp_emit_bc_subscr
0x10000DE8A	0x00000027	[ 17] _mp_emit_bc_rot_three
0x10000DEB1	0x000000C5	[ 17] _mp_emit_bc_attr
0x10000DF76	0x00000027	[ 17] _mp_emit_bc_rot_two
0x10000DF9D	0x00000087	[ 17] _mp_emit_bc_store_local
0x10000E024	0x0000005C	[ 17] _mp_emit_bc_store_global
0x10000E080	0x0000004A	[ 17] _mp_emit_bc_delete_local
0x10000E0CA	0x00000057	[ 17] _mp_emit_bc_delete_global
0x10000E121	0x0000002A	[ 17] _mp_emit_bc_dup_top
0x10000E14B	0x0000002A	[ 17] _mp_emit_bc_dup_top_two
0x10000E175	0x0000002C	[ 17] _mp_emit_bc_pop_top
0x10000E1A1	0x00000014	[ 17] _mp_emit_bc_jump
0x10000E1B5	0x00000101	[ 17] _emit_write_bytecode_byte_label
0x10000E2B6	0x00000019	[ 17] _mp_emit_bc_pop_jump_if
0x10000E2CF	0x00000019	[ 17] _mp_emit_bc_jump_if_or_pop
0x10000E2E8	0x000000AA	[ 17] _mp_emit_bc_unwind_jump
0x10000E392	0x0000001D	[ 17] _mp_emit_bc_setup_block
0x10000E3AF	0x00000062	[ 17] _mp_emit_bc_with_cleanup
0x10000E411	0x0000002C	[ 17] _mp_emit_bc_end_finally
0x10000E43D	0x0000002E	[ 17] _mp_emit_bc_get_iter
0x10000E46B	0x00000017	[ 17] _mp_emit_bc_for_iter
0x10000E482	0x00000011	[ 17] _mp_emit_bc_for_iter_end
0x10000E493	0x00000014	[ 17] _mp_emit_bc_pop_except_jump
0x10000E4A7	0x0000002A	[ 17] _mp_emit_bc_unary_op
0x10000E4D1	0x00000070	[ 17] _mp_emit_bc_binary_op
0x10000E541	0x00000069	[ 17] _mp_emit_bc_build
0x10000E5AA	0x0000002C	[ 17] _mp_emit_bc_store_map
0x10000E5D6	0x00000067	[ 17] _mp_emit_bc_store_comp
0x10000E63D	0x0000003E	[ 17] _mp_emit_bc_unpack_sequence
0x10000E67B	0x00000045	[ 17] _mp_emit_bc_unpack_ex
0x10000E6C0	0x00000030	[ 17] _mp_emit_bc_make_function
0x10000E6F0	0x00000070	[ 17] _emit_write_bytecode_byte_child
0x10000E760	0x00000062	[ 17] _mp_emit_bc_make_closure
0x10000E7C2	0x0000001A	[ 17] _mp_emit_bc_call_function
0x10000E7DC	0x00000072	[ 17] _emit_bc_call_function_method_helper
0x10000E84E	0x0000001D	[ 17] _mp_emit_bc_call_method
0x10000E86B	0x00000030	[ 17] _mp_emit_bc_return_value
0x10000E89B	0x0000003E	[ 17] _mp_emit_bc_raise_varargs
0x10000E8D9	0x00000038	[ 17] _mp_emit_bc_yield
0x10000E911	0x0000000F	[ 17] _mp_emit_bc_start_except_handler
0x10000E920	0x00000011	[ 17] _mp_emit_bc_end_except_handler
0x10000E931	0x0000002C	[ 17] _emit_get_cur_to_write_code_info
0x10000E95D	0x00000030	[ 17] _emit_get_cur_to_write_bytecode
0x10000E98D	0x00000025	[ 18] _mp_asm_base_init
0x10000E9B2	0x00000025	[ 18] _mp_asm_base_deinit
0x10000E9D7	0x00000059	[ 18] _mp_asm_base_start_pass
0x10000EA30	0x00000029	[ 18] _mp_asm_base_get_cur_to_write_bytes
0x10000EA59	0x0000003E	[ 18] _mp_asm_base_label_assign
0x10000EA97	0x00000015	[ 18] _mp_asm_base_align
0x10000EAAC	0x00000041	[ 18] _mp_asm_base_data
0x10000EAED	0x0000000F	[ 19] _asm_x64_mov_r64_r64
0x10000EAFC	0x00000054	[ 19] _asm_x64_generic_r64_r64
0x10000EB50	0x0000007C	[ 19] _asm_x64_mov_r8_to_mem8
0x10000EBCC	0x000000D8	[ 19] _asm_x64_write_r64_disp
0x10000ECA4	0x00000087	[ 19] _asm_x64_mov_r16_to_mem16
0x10000ED2B	0x0000007C	[ 19] _asm_x64_mov_r32_to_mem32
0x10000EDA7	0x0000005B	[ 19] _asm_x64_mov_r64_to_mem64
0x10000EE02	0x00000087	[ 19] _asm_x64_mov_mem8_to_r64zx
0x10000EE89	0x00000087	[ 19] _asm_x64_mov_mem16_to_r64zx
0x10000EF10	0x0000007C	[ 19] _asm_x64_mov_mem32_to_r64zx
0x10000EF8C	0x0000005B	[ 19] _asm_x64_mov_mem64_to_r64
0x10000EFE7	0x00000075	[ 19] _asm_x64_mov_i32_to_r64
0x10000F05C	0x0000005A	[ 19] _asm_x64_mov_i64_to_r64
0x10000F0B6	0x00000019	[ 19] _asm_x64_mov_i64_to_r64_optimised
0x10000F0CF	0x0000000F	[ 19] _asm_x64_and_r64_r64
0x10000F0DE	0x0000000F	[ 19] _asm_x64_or_r64_r64
0x10000F0ED	0x0000000F	[ 19] _asm_x64_xor_r64_r64
0x10000F0FC	0x00000038	[ 19] _asm_x64_shl_r64_cl
0x10000F134	0x00000038	[ 19] _asm_x64_shr_r64_cl
0x10000F16C	0x00000035	[ 19] _asm_x64_sar_r64_cl
0x10000F1A1	0x0000000F	[ 19] _asm_x64_add_r64_r64
0x10000F1B0	0x0000000F	[ 19] _asm_x64_sub_r64_r64
0x10000F1BF	0x0000006A	[ 19] _asm_x64_mul_r64_r64
0x10000F229	0x00000015	[ 19] _asm_x64_cmp_r64_with_r64
0x10000F23E	0x00000044	[ 19] _asm_x64_test_r8_with_r8
0x10000F282	0x00000015	[ 19] _asm_x64_test_r64_with_r64
0x10000F297	0x0000003E	[ 19] _asm_x64_setcc_r8
0x10000F2D5	0x00000034	[ 19] _asm_x64_jmp_reg
0x10000F309	0x0000009B	[ 19] _asm_x64_jmp_label
0x10000F3A4	0x000000A9	[ 19] _asm_x64_jcc_label
0x10000F44D	0x00000088	[ 19] _asm_x64_entry
0x10000F4D5	0x00000076	[ 19] _asm_x64_sub_r64_i32
0x10000F54B	0x0000008A	[ 19] _asm_x64_exit
0x10000F5D5	0x00000018	[ 19] _asm_x64_mov_local_to_r64
0x10000F5ED	0x00000016	[ 19] _asm_x64_mov_r64_to_local
0x10000F603	0x00000094	[ 19] _asm_x64_mov_local_addr_to_r64
0x10000F697	0x00000077	[ 19] _asm_x64_mov_reg_pcrel
0x10000F70E	0x0000004B	[ 19] _asm_x64_call_ind
0x10000F75C	0x0000008A	[ 20] _emit_native_x64_new
0x10000F7E6	0x0000004C	[ 20] _emit_native_x64_free
0x10000F832	0x00000842	[ 20] _emit_native_start_pass
0x100010074	0x000004A8	[ 20] _emit_native_end_pass
0x10001051C	0x0000000C	[ 20] _emit_native_last_emit_was_return_value
0x100010528	0x00000060	[ 20] _emit_native_adjust_stack_size
0x100010588	0x00000006	[ 20] _emit_native_set_source_line
0x10001058E	0x0000009A	[ 20] _emit_native_load_local
0x100010628	0x00000074	[ 20] _emit_native_load_global
0x10001069C	0x000000D2	[ 20] _emit_native_store_local
0x10001076E	0x0000012C	[ 20] _emit_native_store_global
0x10001089A	0x00000043	[ 20] _emit_native_delete_local
0x1000108DD	0x0000001F	[ 20] _emit_native_delete_global
0x1000108FC	0x000000CD	[ 20] _emit_native_label_assign
0x1000109C9	0x00000175	[ 20] _emit_native_import
0x100010B3E	0x0000003E	[ 20] _emit_native_load_const_tok
0x100010B7C	0x00000019	[ 20] _emit_native_load_const_small_int
0x100010B95	0x0000003D	[ 20] _emit_native_load_const_str
0x100010BD2	0x00000038	[ 20] _emit_native_load_const_obj
0x100010C0A	0x00000015	[ 20] _emit_native_load_null
0x100010C1F	0x000000B5	[ 20] _emit_native_load_method
0x100010CD4	0x0000003A	[ 20] _emit_native_load_build_class
0x100010D0E	0x00000B6A	[ 20] _emit_native_subscr
0x100011878	0x0000016C	[ 20] _emit_native_attr
0x1000119E4	0x00000063	[ 20] _emit_native_dup_top
0x100011A47	0x000000B2	[ 20] _emit_native_dup_top_two
0x100011AF9	0x00000018	[ 20] _emit_native_pop_top
0x100011B11	0x00000092	[ 20] _emit_native_rot_two
0x100011BA3	0x000000DC	[ 20] _emit_native_rot_three
0x100011C7F	0x0000002C	[ 20] _emit_native_jump
0x100011CAB	0x0000000F	[ 20] _emit_native_pop_jump_if
0x100011CBA	0x0000000C	[ 20] _emit_native_jump_if_or_pop
0x100011CC6	0x0000014B	[ 20] _emit_native_unwind_jump
0x100011E11	0x000001CA	[ 20] _emit_native_setup_block
0x100011FDB	0x00000234	[ 20] _emit_native_with_cleanup
0x10001220F	0x00000128	[ 20] _emit_native_end_finally
0x100012337	0x000000CB	[ 20] _emit_native_get_iter
0x100012402	0x0000007F	[ 20] _emit_native_for_iter
0x100012481	0x00000018	[ 20] _emit_native_for_iter_end
0x100012499	0x00000062	[ 20] _emit_native_pop_except_jump
0x1000124FB	0x000000AF	[ 20] _emit_native_unary_op
0x1000125AA	0x00000542	[ 20] _emit_native_binary_op
0x100012AEC	0x000001E4	[ 20] _emit_native_build
0x100012CD0	0x000000E9	[ 20] _emit_native_store_map
0x100012DB9	0x00000174	[ 20] _emit_native_store_comp
0x100012F2D	0x00000076	[ 20] _emit_native_unpack_sequence
0x100012FA3	0x0000008C	[ 20] _emit_native_unpack_ex
0x10001302F	0x000000B6	[ 20] _emit_native_make_function
0x1000130E5	0x0000013F	[ 20] _emit_native_make_closure
0x100013224	0x000001F0	[ 20] _emit_native_call_function
0x100013414	0x00000089	[ 20] _emit_native_call_method
0x10001349D	0x0000020E	[ 20] _emit_native_return_value
0x1000136AB	0x0000008A	[ 20] _emit_native_raise_varargs
0x100013735	0x00000296	[ 20] _emit_native_yield
0x1000139CB	0x00000038	[ 20] _emit_native_start_except_handler
0x100013A03	0x00000011	[ 20] _emit_native_end_except_handler
0x100013A14	0x00000047	[ 20] _emit_call_with_imm_arg
0x100013A5B	0x00000034	[ 20] _emit_native_mov_state_reg
0x100013A8F	0x0000039F	[ 20] _emit_native_global_exc_entry
0x100013E2E	0x0000005F	[ 20] _need_reg_all
0x100013E8D	0x00000032	[ 20] _emit_native_mov_reg_state
0x100013EBF	0x0000003C	[ 20] _ensure_extra_stack
0x100013EFB	0x0000003B	[ 20] _adjust_stack
0x100013F36	0x000000AC	[ 20] _emit_native_load_fast
0x100013FE2	0x00000051	[ 20] _emit_post_push_reg
0x100014033	0x0000007C	[ 20] _need_reg_single
0x1000140AF	0x0000007E	[ 20] _emit_pre_pop_reg_flexible
0x10001412D	0x000000A6	[ 20] _emit_access_stack
0x1000141D3	0x000000BD	[ 20] _load_reg_stack_imm
0x100014290	0x00000051	[ 20] _emit_post_push_imm
0x1000142E1	0x00000065	[ 20] _emit_call_with_qstr_arg
0x100014346	0x00000115	[ 20] _emit_native_store_fast
0x10001445B	0x0000007D	[ 20] _need_stack_settled
0x1000144D8	0x00000088	[ 20] _emit_native_leave_exc_stack
0x100014560	0x00000074	[ 20] _emit_load_reg_with_object
0x1000145D4	0x0000015F	[ 20] _emit_get_stack_pointer_to_reg_for_pop
0x100014733	0x0000007D	[ 20] _emit_get_stack_pointer_to_reg_for_push
0x1000147B0	0x00000055	[ 20] _emit_native_mov_reg_state_addr
0x100014805	0x000001AC	[ 20] _emit_native_jump_helper
0x1000149B1	0x0000009A	[ 20] _emit_native_push_exc_stack
0x100014A4B	0x0000005D	[ 20] _emit_call_with_2_imm_args
0x100014AA8	0x00000073	[ 20] _emit_load_reg_with_child
0x100014B1B	0x0000006D	[ 20] _emit_fold_stack_top
0x100014B88	0x0000002F	[ 21] _asm_x86_mov_r32_r32
0x100014BB7	0x00000042	[ 21] _asm_x86_mov_r8_to_mem8
0x100014BF9	0x000000D5	[ 21] _asm_x86_write_r32_disp
0x100014CCE	0x00000044	[ 21] _asm_x86_mov_r16_to_mem16
0x100014D12	0x00000042	[ 21] _asm_x86_mov_r32_to_mem32
0x100014D54	0x00000044	[ 21] _asm_x86_mov_mem8_to_r32zx
0x100014D98	0x00000044	[ 21] _asm_x86_mov_mem16_to_r32zx
0x100014DDC	0x00000042	[ 21] _asm_x86_mov_mem32_to_r32
0x100014E1E	0x00000050	[ 21] _asm_x86_mov_i32_to_r32
0x100014E6E	0x0000002F	[ 21] _asm_x86_and_r32_r32
0x100014E9D	0x0000002F	[ 21] _asm_x86_or_r32_r32
0x100014ECC	0x0000002F	[ 21] _asm_x86_xor_r32_r32
0x100014EFB	0x00000027	[ 21] _asm_x86_shl_r32_cl
0x100014F22	0x00000027	[ 21] _asm_x86_shr_r32_cl
0x100014F49	0x00000027	[ 21] _asm_x86_sar_r32_cl
0x100014F70	0x0000002F	[ 21] _asm_x86_add_r32_r32
0x100014F9F	0x0000002F	[ 21] _asm_x86_sub_r32_r32
0x100014FCE	0x00000031	[ 21] _asm_x86_mul_r32_r32
0x100014FFF	0x0000002F	[ 21] _asm_x86_cmp_r32_with_r32
0x10001502E	0x0000002F	[ 21] _asm_x86_test_r8_with_r8
0x10001505D	0x0000002F	[ 21] _asm_x86_test_r32_with_r32
0x10001508C	0x00000032	[ 21] _asm_x86_setcc_r8
0x1000150BE	0x00000027	[ 21] _asm_x86_jmp_reg
0x1000150E5	0x0000009B	[ 21] _asm_x86_jmp_label
0x100015180	0x000000A9	[ 21] _asm_x86_jcc_label
0x100015229	0x00000084	[ 21] _asm_x86_entry
0x1000152AD	0x0000006E	[ 21] _asm_x86_sub_r32_i32
0x10001531B	0x00000086	[ 21] _asm_x86_exit
0x1000153A1	0x0000001B	[ 21] _asm_x86_mov_arg_to_r32
0x1000153BC	0x00000018	[ 21] _asm_x86_mov_local_to_r32
0x1000153D4	0x00000016	[ 21] _asm_x86_mov_r32_to_local
0x1000153EA	0x00000072	[ 21] _asm_x86_mov_local_addr_to_r32
0x10001545C	0x000000AB	[ 21] _asm_x86_mov_reg_pcrel
0x100015507	0x00000163	[ 21] _asm_x86_call_ind
0x10001566C	0x0000008A	[ 22] _emit_native_x86_new
0x1000156F6	0x0000004C	[ 22] _emit_native_x86_free
0x100015742	0x0000088D	[ 22] _emit_native_start_pass
0x100015FCF	0x000004A6	[ 22] _emit_native_end_pass
0x100016475	0x0000000C	[ 22] _emit_native_last_emit_was_return_value
0x100016481	0x00000060	[ 22] _emit_native_adjust_stack_size
0x1000164E1	0x00000006	[ 22] _emit_native_set_source_line
0x1000164E7	0x0000009A	[ 22] _emit_native_load_local
0x100016581	0x00000071	[ 22] _emit_native_load_global
0x1000165F2	0x000000D2	[ 22] _emit_native_store_local
0x1000166C4	0x00000126	[ 22] _emit_native_store_global
0x1000167EA	0x00000043	[ 22] _emit_native_delete_local
0x10001682D	0x0000001C	[ 22] _emit_native_delete_global
0x100016849	0x000000CD	[ 22] _emit_native_label_assign
0x100016916	0x00000171	[ 22] _emit_native_import
0x100016A87	0x0000003E	[ 22] _emit_native_load_const_tok
0x100016AC5	0x00000019	[ 22] _emit_native_load_const_small_int
0x100016ADE	0x0000003D	[ 22] _emit_native_load_const_str
0x100016B1B	0x00000038	[ 22] _emit_native_load_const_obj
0x100016B53	0x00000015	[ 22] _emit_native_load_null
0x100016B68	0x000000AF	[ 22] _emit_native_load_method
0x100016C17	0x0000003C	[ 22] _emit_native_load_build_class
0x100016C53	0x00000B15	[ 22] _emit_native_subscr
0x100017768	0x00000163	[ 22] _emit_native_attr
0x1000178CB	0x00000063	[ 22] _emit_native_dup_top
0x10001792E	0x000000B2	[ 22] _emit_native_dup_top_two
0x1000179E0	0x00000018	[ 22] _emit_native_pop_top
0x1000179F8	0x00000092	[ 22] _emit_native_rot_two
0x100017A8A	0x000000DC	[ 22] _emit_native_rot_three
0x100017B66	0x0000002C	[ 22] _emit_native_jump
0x100017B92	0x0000000F	[ 22] _emit_native_pop_jump_if
0x100017BA1	0x0000000C	[ 22] _emit_native_jump_if_or_pop
0x100017BAD	0x0000014B	[ 22] _emit_native_unwind_jump
0x100017CF8	0x000001C4	[ 22] _emit_native_setup_block
0x100017EBC	0x00000217	[ 22] _emit_native_with_cleanup
0x1000180D3	0x0000012A	[ 22] _emit_native_end_finally
0x1000181FD	0x000000D2	[ 22] _emit_native_get_iter
0x1000182CF	0x00000081	[ 22] _emit_native_for_iter
0x100018350	0x00000018	[ 22] _emit_native_for_iter_end
0x100018368	0x00000062	[ 22] _emit_native_pop_except_jump
0x1000183CA	0x000000AC	[ 22] _emit_native_unary_op
0x100018476	0x0000053E	[ 22] _emit_native_binary_op
0x1000189B4	0x000001E0	[ 22] _emit_native_build
0x100018B94	0x000000EB	[ 22] _emit_native_store_map
0x100018C7F	0x0000017D	[ 22] _emit_native_store_comp
0x100018DFC	0x00000073	[ 22] _emit_native_unpack_sequence
0x100018E6F	0x00000089	[ 22] _emit_native_unpack_ex
0x100018EF8	0x000000BB	[ 22] _emit_native_make_function
0x100018FB3	0x00000136	[ 22] _emit_native_make_closure
0x1000190E9	0x000001EA	[ 22] _emit_native_call_function
0x1000192D3	0x00000089	[ 22] _emit_native_call_method
0x10001935C	0x000001F7	[ 22] _emit_native_return_value
0x100019553	0x0000008C	[ 22] _emit_native_raise_varargs
0x1000195DF	0x0000029A	[ 22] _emit_native_yield
0x100019879	0x00000038	[ 22] _emit_native_start_except_handler
0x1000198B1	0x00000011	[ 22] _emit_native_end_except_handler
0x1000198C2	0x00000052	[ 22] _emit_call_with_imm_arg
0x100019914	0x00000034	[ 22] _emit_native_mov_state_reg
0x100019948	0x0000039E	[ 22] _emit_native_global_exc_entry
0x100019CE6	0x0000005F	[ 22] _need_reg_all
0x100019D45	0x00000032	[ 22] _emit_native_mov_reg_state
0x100019D77	0x0000003C	[ 22] _ensure_extra_stack
0x100019DB3	0x0000003B	[ 22] _adjust_stack
0x100019DEE	0x000000AC	[ 22] _emit_native_load_fast
0x100019E9A	0x00000051	[ 22] _emit_post_push_reg
0x100019EEB	0x0000007C	[ 22] _need_reg_single
0x100019F67	0x0000007E	[ 22] _emit_pre_pop_reg_flexible
0x100019FE5	0x000000A6	[ 22] _emit_access_stack
0x10001A08B	0x000000B8	[ 22] _load_reg_stack_imm
0x10001A143	0x00000051	[ 22] _emit_post_push_imm
0x10001A194	0x00000070	[ 22] _emit_call_with_qstr_arg
0x10001A204	0x00000115	[ 22] _emit_native_store_fast
0x10001A319	0x0000007D	[ 22] _need_stack_settled
0x10001A396	0x00000088	[ 22] _emit_native_leave_exc_stack
0x10001A41E	0x00000074	[ 22] _emit_load_reg_with_object
0x10001A492	0x0000015C	[ 22] _emit_get_stack_pointer_to_reg_for_pop
0x10001A5EE	0x0000007D	[ 22] _emit_get_stack_pointer_to_reg_for_push
0x10001A66B	0x00000054	[ 22] _emit_native_mov_reg_state_addr
0x10001A6BF	0x000001AE	[ 22] _emit_native_jump_helper
0x10001A86D	0x0000009A	[ 22] _emit_native_push_exc_stack
0x10001A907	0x00000065	[ 22] _emit_call_with_2_imm_args
0x10001A96C	0x00000070	[ 22] _emit_load_reg_with_child
0x10001A9DC	0x0000006A	[ 22] _emit_fold_stack_top
0x10001AA46	0x000001B9	[ 23] _asm_thumb_entry
0x10001ABFF	0x0000002E	[ 23] _asm_thumb_op32
0x10001AC2D	0x00000021	[ 23] _asm_thumb_op16
0x10001AC4E	0x000000C3	[ 23] _asm_thumb_exit
0x10001AD11	0x0000004D	[ 23] _asm_thumb_format_4
0x10001AD5E	0x00000052	[ 23] _asm_thumb_mov_reg_reg
0x10001ADB0	0x0000006D	[ 23] _asm_thumb_mov_reg_i16
0x10001AE1D	0x00000074	[ 23] _asm_thumb_b_n_label
0x10001AE91	0x0000010C	[ 23] _asm_thumb_bcc_nw_label
0x10001AF9D	0x0000008B	[ 23] _asm_thumb_bl_label
0x10001B028	0x00000116	[ 23] _asm_thumb_mov_reg_i32
0x10001B13E	0x00000179	[ 23] _asm_thumb_mov_reg_i32_optimised
0x10001B2B7	0x00000087	[ 23] _asm_thumb_mov_rlo_i16
0x10001B33E	0x0000004A	[ 23] _asm_thumb_mov_local_reg
0x10001B388	0x00000028	[ 23] _asm_thumb_mov_local_check
0x10001B3B0	0x0000004C	[ 23] _asm_thumb_mov_reg_local
0x10001B3FC	0x00000042	[ 23] _asm_thumb_mov_reg_local_addr
0x10001B43E	0x000000C5	[ 23] _asm_thumb_mov_reg_pcrel
0x10001B503	0x000000F4	[ 23] _asm_thumb_ldr_reg_reg_i12_optimised
0x10001B5F7	0x000001E3	[ 23] _asm_thumb_add_reg_reg_offset
0x10001B7DA	0x000000F3	[ 23] _asm_thumb_ldrh_reg_reg_i12_optimised
0x10001B8CD	0x00000110	[ 23] _asm_thumb_b_label
0x10001B9DD	0x00000133	[ 23] _asm_thumb_bcc_label
0x10001BB10	0x00000044	[ 23] _asm_thumb_bcc_rel9
0x10001BB54	0x00000048	[ 23] _asm_thumb_b_rel12
0x10001BB9C	0x0000003D	[ 23] _asm_thumb_bl_ind
0x10001BBDC	0x0000008A	[ 24] _emit_native_thumb_new
0x10001BC66	0x0000004C	[ 24] _emit_native_thumb_free
0x10001BCB2	0x000007EE	[ 24] _emit_native_start_pass
0x10001C4A0	0x000004A3	[ 24] _emit_native_end_pass
0x10001C943	0x0000000C	[ 24] _emit_native_last_emit_was_return_value
0x10001C94F	0x00000060	[ 24] _emit_native_adjust_stack_size
0x10001C9AF	0x00000006	[ 24] _emit_native_set_source_line
0x10001C9B5	0x0000009A	[ 24] _emit_native_load_local
0x10001CA4F	0x00000071	[ 24] _emit_native_load_global
0x10001CAC0	0x000000DA	[ 24] _emit_native_store_local
0x10001CB9A	0x00000126	[ 24] _emit_native_store_global
0x10001CCC0	0x00000043	[ 24] _emit_native_delete_local
0x10001CD03	0x0000001C	[ 24] _emit_native_delete_global
0x10001CD1F	0x000000CD	[ 24] _emit_native_label_assign
0x10001CDEC	0x0000016F	[ 24] _emit_native_import
0x10001CF5B	0x0000003E	[ 24] _emit_native_load_const_tok
0x10001CF99	0x00000019	[ 24] _emit_native_load_const_small_int
0x10001CFB2	0x0000003D	[ 24] _emit_native_load_const_str
0x10001CFEF	0x00000038	[ 24] _emit_native_load_const_obj
0x10001D027	0x00000015	[ 24] _emit_native_load_null
0x10001D03C	0x000000AF	[ 24] _emit_native_load_method
0x10001D0EB	0x0000003D	[ 24] _emit_native_load_build_class
0x10001D128	0x00000BFC	[ 24] _emit_native_subscr
0x10001DD24	0x00000168	[ 24] _emit_native_attr
0x10001DE8C	0x00000063	[ 24] _emit_native_dup_top
0x10001DEEF	0x000000B2	[ 24] _emit_native_dup_top_two
0x10001DFA1	0x00000018	[ 24] _emit_native_pop_top
0x10001DFB9	0x00000092	[ 24] _emit_native_rot_two
0x10001E04B	0x000000DC	[ 24] _emit_native_rot_three
0x10001E127	0x0000002C	[ 24] _emit_native_jump
0x10001E153	0x0000000F	[ 24] _emit_native_pop_jump_if
0x10001E162	0x0000000C	[ 24] _emit_native_jump_if_or_pop
0x10001E16E	0x0000014F	[ 24] _emit_native_unwind_jump
0x10001E2BD	0x000001C4	[ 24] _emit_native_setup_block
0x10001E481	0x00000211	[ 24] _emit_native_with_cleanup
0x10001E692	0x0000012A	[ 24] _emit_native_end_finally
0x10001E7BC	0x000000CE	[ 24] _emit_native_get_iter
0x10001E88A	0x0000007D	[ 24] _emit_native_for_iter
0x10001E907	0x00000018	[ 24] _emit_native_for_iter_end
0x10001E91F	0x00000062	[ 24] _emit_native_pop_except_jump
0x10001E981	0x000000AC	[ 24] _emit_native_unary_op
0x10001EA2D	0x0000053F	[ 24] _emit_native_binary_op
0x10001EF6C	0x000001DE	[ 24] _emit_native_build
0x10001F14A	0x000000E9	[ 24] _emit_native_store_map
0x10001F233	0x00000174	[ 24] _emit_native_store_comp
0x10001F3A7	0x00000073	[ 24] _emit_native_unpack_sequence
0x10001F41A	0x00000089	[ 24] _emit_native_unpack_ex
0x10001F4A3	0x000000B9	[ 24] _emit_native_make_function
0x10001F55C	0x00000132	[ 24] _emit_native_make_closure
0x10001F68E	0x000001EA	[ 24] _emit_native_call_function
0x10001F878	0x00000089	[ 24] _emit_native_call_method
0x10001F901	0x000001F5	[ 24] _emit_native_return_value
0x10001FAF6	0x0000008A	[ 24] _emit_native_raise_varargs
0x10001FB80	0x00000297	[ 24] _emit_native_yield
0x10001FE17	0x00000038	[ 24] _emit_native_start_except_handler
0x10001FE4F	0x00000011	[ 24] _emit_native_end_except_handler
0x10001FE60	0x0000004A	[ 24] _emit_call_with_imm_arg
0x10001FEAA	0x00000032	[ 24] _emit_native_mov_state_reg
0x10001FEDC	0x00000390	[ 24] _emit_native_global_exc_entry
0x10002026C	0x0000005F	[ 24] _need_reg_all
0x1000202CB	0x0000002D	[ 24] _emit_native_mov_reg_state
0x1000202F8	0x0000003C	[ 24] _ensure_extra_stack
0x100020334	0x0000003B	[ 24] _adjust_stack
0x10002036F	0x000000AC	[ 24] _emit_native_load_fast
0x10002041B	0x00000051	[ 24] _emit_post_push_reg
0x10002046C	0x0000007C	[ 24] _need_reg_single
0x1000204E8	0x0000007E	[ 24] _emit_pre_pop_reg_flexible
0x100020566	0x000000A6	[ 24] _emit_access_stack
0x10002060C	0x000000A9	[ 24] _load_reg_stack_imm
0x1000206B5	0x00000051	[ 24] _emit_post_push_imm
0x100020706	0x00000066	[ 24] _emit_call_with_qstr_arg
0x10002076C	0x00000115	[ 24] _emit_native_store_fast
0x100020881	0x0000007D	[ 24] _need_stack_settled
0x1000208FE	0x0000008D	[ 24] _emit_native_leave_exc_stack
0x10002098B	0x00000070	[ 24] _emit_load_reg_with_object
0x1000209FB	0x0000015C	[ 24] _emit_get_stack_pointer_to_reg_for_pop
0x100020B57	0x0000007D	[ 24] _emit_get_stack_pointer_to_reg_for_push
0x100020BD4	0x00000059	[ 24] _emit_native_mov_reg_state_addr
0x100020C2D	0x000001A8	[ 24] _emit_native_jump_helper
0x100020DD5	0x0000009B	[ 24] _emit_native_push_exc_stack
0x100020E70	0x0000005D	[ 24] _emit_call_with_2_imm_args
0x100020ECD	0x0000006C	[ 24] _emit_load_reg_with_child
0x100020F39	0x0000006A	[ 24] _emit_fold_stack_top
0x100020FA4	0x00000054	[ 25] _emit_inline_thumb_new
0x100020FF8	0x0000002A	[ 25] _emit_inline_thumb_free
0x100021022	0x00000050	[ 25] _emit_inline_thumb_start_pass
0x100021072	0x0000000A	[ 25] _emit_inline_thumb_end_pass
0x10002107C	0x000000BB	[ 25] _emit_inline_thumb_count_params
0x100021137	0x00000048	[ 25] _emit_inline_thumb_label
0x10002117F	0x0000119D	[ 25] _emit_inline_thumb_op
0x10002231C	0x000000AD	[ 25] _get_arg_vfpreg
0x1000223C9	0x000000C6	[ 25] _get_arg_reg
0x10002248F	0x00000078	[ 25] _get_arg_addr
0x100022507	0x0000007E	[ 25] _get_arg_i
0x100022585	0x00000077	[ 25] _get_arg_label
0x1000225FC	0x00000162	[ 25] _get_arg_reglist
0x10002275E	0x0000007A	[ 26] _asm_arm_entry
0x1000227D8	0x00000063	[ 26] _asm_arm_exit
0x10002283B	0x0000002E	[ 26] _asm_arm_mov_reg_reg
0x100022869	0x0000006B	[ 26] _asm_arm_mov_reg_i32
0x1000228D4	0x00000071	[ 26] _asm_arm_mov_reg_i32_optimised
0x100022945	0x00000032	[ 26] _asm_arm_mov_local_reg
0x100022977	0x00000032	[ 26] _asm_arm_mov_reg_local
0x1000229A9	0x00000031	[ 26] _asm_arm_cmp_reg_i8
0x1000229DA	0x0000002E	[ 26] _asm_arm_cmp_reg_reg
0x100022A08	0x00000060	[ 26] _asm_arm_setcc_reg
0x100022A68	0x00000041	[ 26] _asm_arm_add_reg_reg_reg
0x100022AA9	0x00000041	[ 26] _asm_arm_sub_reg_reg_reg
0x100022AEA	0x0000004A	[ 26] _asm_arm_mul_reg_reg_reg
0x100022B34	0x00000041	[ 26] _asm_arm_and_reg_reg_reg
0x100022B75	0x00000041	[ 26] _asm_arm_eor_reg_reg_reg
0x100022BB6	0x00000041	[ 26] _asm_arm_orr_reg_reg_reg
0x100022BF7	0x00000033	[ 26] _asm_arm_mov_reg_local_addr
0x100022C2A	0x000000AC	[ 26] _asm_arm_mov_reg_pcrel
0x100022CD6	0x00000036	[ 26] _asm_arm_lsl_reg_reg
0x100022D0C	0x00000036	[ 26] _asm_arm_lsr_reg_reg
0x100022D42	0x00000036	[ 26] _asm_arm_asr_reg_reg
0x100022D78	0x00000041	[ 26] _asm_arm_ldr_reg_reg
0x100022DB9	0x00000032	[ 26] _asm_arm_ldrh_reg_reg
0x100022DEB	0x00000052	[ 26] _asm_arm_ldrh_reg_reg_offset
0x100022E3D	0x00000032	[ 26] _asm_arm_ldrb_reg_reg
0x100022E6F	0x00000041	[ 26] _asm_arm_str_reg_reg
0x100022EB0	0x00000032	[ 26] _asm_arm_strh_reg_reg
0x100022EE2	0x00000032	[ 26] _asm_arm_strb_reg_reg
0x100022F14	0x00000041	[ 26] _asm_arm_str_reg_reg_reg
0x100022F55	0x0000005C	[ 26] _asm_arm_strh_reg_reg_reg
0x100022FB1	0x00000041	[ 26] _asm_arm_strb_reg_reg_reg
0x100022FF2	0x00000080	[ 26] _asm_arm_bcc_label
0x100023072	0x00000011	[ 26] _asm_arm_b_label
0x100023083	0x00000050	[ 26] _asm_arm_bl_ind
0x1000230D3	0x00000026	[ 26] _asm_arm_bx_reg
0x1000230FC	0x0000008A	[ 27] _emit_native_arm_new
0x100023186	0x0000004C	[ 27] _emit_native_arm_free
0x1000231D2	0x00000805	[ 27] _emit_native_start_pass
0x1000239D7	0x000004A2	[ 27] _emit_native_end_pass
0x100023E79	0x0000000C	[ 27] _emit_native_last_emit_was_return_value
0x100023E85	0x00000060	[ 27] _emit_native_adjust_stack_size
0x100023EE5	0x00000006	[ 27] _emit_native_set_source_line
0x100023EEB	0x0000009A	[ 27] _emit_native_load_local
0x100023F85	0x00000071	[ 27] _emit_native_load_global
0x100023FF6	0x000000D2	[ 27] _emit_native_store_local
0x1000240C8	0x00000126	[ 27] _emit_native_store_global
0x1000241EE	0x00000043	[ 27] _emit_native_delete_local
0x100024231	0x0000001C	[ 27] _emit_native_delete_global
0x10002424D	0x000000CD	[ 27] _emit_native_label_assign
0x10002431A	0x0000016F	[ 27] _emit_native_import
0x100024489	0x0000003E	[ 27] _emit_native_load_const_tok
0x1000244C7	0x00000019	[ 27] _emit_native_load_const_small_int
0x1000244E0	0x0000003D	[ 27] _emit_native_load_const_str
0x10002451D	0x00000038	[ 27] _emit_native_load_const_obj
0x100024555	0x00000015	[ 27] _emit_native_load_null
0x10002456A	0x000000AF	[ 27] _emit_native_load_method
0x100024619	0x0000003D	[ 27] _emit_native_load_build_class
0x100024656	0x00000A5E	[ 27] _emit_native_subscr
0x1000250B4	0x00000168	[ 27] _emit_native_attr
0x10002521C	0x00000063	[ 27] _emit_native_dup_top
0x10002527F	0x000000B2	[ 27] _emit_native_dup_top_two
0x100025331	0x00000018	[ 27] _emit_native_pop_top
0x100025349	0x00000092	[ 27] _emit_native_rot_two
0x1000253DB	0x000000DC	[ 27] _emit_native_rot_three
0x1000254B7	0x0000002C	[ 27] _emit_native_jump
0x1000254E3	0x0000000F	[ 27] _emit_native_pop_jump_if
0x1000254F2	0x0000000C	[ 27] _emit_native_jump_if_or_pop
0x1000254FE	0x0000014C	[ 27] _emit_native_unwind_jump
0x10002564A	0x000001C4	[ 27] _emit_native_setup_block
0x10002580E	0x0000020F	[ 27] _emit_native_with_cleanup
0x100025A1D	0x00000126	[ 27] _emit_native_end_finally
0x100025B43	0x000000CE	[ 27] _emit_native_get_iter
0x100025C11	0x0000007C	[ 27] _emit_native_for_iter
0x100025C8D	0x00000018	[ 27] _emit_native_for_iter_end
0x100025CA5	0x00000062	[ 27] _emit_native_pop_except_jump
0x100025D07	0x000000AC	[ 27] _emit_native_unary_op
0x100025DB3	0x000004D9	[ 27] _emit_native_binary_op
0x10002628C	0x000001DE	[ 27] _emit_native_build
0x10002646A	0x000000E9	[ 27] _emit_native_store_map
0x100026553	0x00000174	[ 27] _emit_native_store_comp
0x1000266C7	0x00000073	[ 27] _emit_native_unpack_sequence
0x10002673A	0x00000089	[ 27] _emit_native_unpack_ex
0x1000267C3	0x000000B9	[ 27] _emit_native_make_function
0x10002687C	0x00000132	[ 27] _emit_native_make_closure
0x1000269AE	0x000001EA	[ 27] _emit_native_call_function
0x100026B98	0x00000089	[ 27] _emit_native_call_method
0x100026C21	0x000001F5	[ 27] _emit_native_return_value
0x100026E16	0x0000008A	[ 27] _emit_native_raise_varargs
0x100026EA0	0x00000296	[ 27] _emit_native_yield
0x100027136	0x00000038	[ 27] _emit_native_start_except_handler
0x10002716E	0x00000011	[ 27] _emit_native_end_except_handler
0x10002717F	0x0000004A	[ 27] _emit_call_with_imm_arg
0x1000271C9	0x00000032	[ 27] _emit_native_mov_state_reg
0x1000271FB	0x0000038D	[ 27] _emit_native_global_exc_entry
0x100027588	0x0000005F	[ 27] _need_reg_all
0x1000275E7	0x00000030	[ 27] _emit_native_mov_reg_state
0x100027617	0x0000003C	[ 27] _ensure_extra_stack
0x100027653	0x0000003B	[ 27] _adjust_stack
0x10002768E	0x000000AC	[ 27] _emit_native_load_fast
0x10002773A	0x00000051	[ 27] _emit_post_push_reg
0x10002778B	0x0000007C	[ 27] _need_reg_single
0x100027807	0x0000007E	[ 27] _emit_pre_pop_reg_flexible
0x100027885	0x000000A6	[ 27] _emit_access_stack
0x10002792B	0x000000AE	[ 27] _load_reg_stack_imm
0x1000279D9	0x00000051	[ 27] _emit_post_push_imm
0x100027A2A	0x00000068	[ 27] _emit_call_with_qstr_arg
0x100027A92	0x00000115	[ 27] _emit_native_store_fast
0x100027BA7	0x0000007D	[ 27] _need_stack_settled
0x100027C24	0x0000008A	[ 27] _emit_native_leave_exc_stack
0x100027CAE	0x00000074	[ 27] _emit_load_reg_with_object
0x100027D22	0x0000015C	[ 27] _emit_get_stack_pointer_to_reg_for_pop
0x100027E7E	0x0000007D	[ 27] _emit_get_stack_pointer_to_reg_for_push
0x100027EFB	0x00000053	[ 27] _emit_native_mov_reg_state_addr
0x100027F4E	0x000001AC	[ 27] _emit_native_jump_helper
0x1000280FA	0x0000009B	[ 27] _emit_native_push_exc_stack
0x100028195	0x0000005D	[ 27] _emit_call_with_2_imm_args
0x1000281F2	0x00000070	[ 27] _emit_load_reg_with_child
0x100028262	0x0000006A	[ 27] _emit_fold_stack_top
0x1000282CC	0x00000013	[ 28] _asm_xtensa_end_pass
0x1000282DF	0x00000129	[ 28] _asm_xtensa_entry
0x100028408	0x000000E7	[ 28] _asm_xtensa_exit
0x1000284EF	0x000000A5	[ 28] _asm_xtensa_entry_win
0x100028594	0x0000003B	[ 28] _asm_xtensa_exit_win
0x1000285CF	0x00000021	[ 28] _asm_xtensa_op16
0x1000285F0	0x00000029	[ 28] _asm_xtensa_op24
0x100028619	0x0000004E	[ 28] _asm_xtensa_j_label
0x100028667	0x00000092	[ 28] _asm_xtensa_bccz_reg_label
0x1000286F9	0x000000A4	[ 28] _asm_xtensa_bcc_reg_reg_label
0x10002879D	0x00000095	[ 28] _asm_xtensa_setcc_reg_reg_reg
0x100028832	0x0000008D	[ 28] _asm_xtensa_mov_reg_i32
0x1000288BF	0x00000065	[ 28] _asm_xtensa_mov_reg_i32_optimised
0x100028924	0x0000003F	[ 28] _asm_xtensa_mov_local_reg
0x100028963	0x0000003F	[ 28] _asm_xtensa_mov_reg_local
0x1000289A2	0x000000B9	[ 28] _asm_xtensa_mov_reg_local_addr
0x100028A5B	0x000000D5	[ 28] _asm_xtensa_mov_reg_pcrel
0x100028B30	0x0000009E	[ 28] _asm_xtensa_l32i_optimised
0x100028BCE	0x0000009E	[ 28] _asm_xtensa_s32i_optimised
0x100028C6C	0x00000039	[ 28] _asm_xtensa_call_ind
0x100028CA5	0x0000003C	[ 28] _asm_xtensa_call_ind_win
0x100028CE4	0x0000008A	[ 29] _emit_native_xtensa_new
0x100028D6E	0x0000004C	[ 29] _emit_native_xtensa_free
0x100028DBA	0x000007FA	[ 29] _emit_native_start_pass
0x1000295B4	0x00000498	[ 29] _emit_native_end_pass
0x100029A4C	0x0000000C	[ 29] _emit_native_last_emit_was_return_value
0x100029A58	0x00000060	[ 29] _emit_native_adjust_stack_size
0x100029AB8	0x00000006	[ 29] _emit_native_set_source_line
0x100029ABE	0x000000A3	[ 29] _emit_native_load_local
0x100029B61	0x00000077	[ 29] _emit_native_load_global
0x100029BD8	0x000000D5	[ 29] _emit_native_store_local
0x100029CAD	0x0000012A	[ 29] _emit_native_store_global
0x100029DD7	0x00000043	[ 29] _emit_native_delete_local
0x100029E1A	0x0000001F	[ 29] _emit_native_delete_global
0x100029E39	0x000000D7	[ 29] _emit_native_label_assign
0x100029F10	0x00000176	[ 29] _emit_native_import
0x10002A086	0x0000003E	[ 29] _emit_native_load_const_tok
0x10002A0C4	0x00000019	[ 29] _emit_native_load_const_small_int
0x10002A0DD	0x00000043	[ 29] _emit_native_load_const_str
0x10002A120	0x0000003E	[ 29] _emit_native_load_const_obj
0x10002A15E	0x00000015	[ 29] _emit_native_load_null
0x10002A173	0x000000B5	[ 29] _emit_native_load_method
0x10002A228	0x0000003B	[ 29] _emit_native_load_build_class
0x10002A263	0x00000B5D	[ 29] _emit_native_subscr
0x10002ADC0	0x0000016A	[ 29] _emit_native_attr
0x10002AF2A	0x00000063	[ 29] _emit_native_dup_top
0x10002AF8D	0x000000BB	[ 29] _emit_native_dup_top_two
0x10002B048	0x00000018	[ 29] _emit_native_pop_top
0x10002B060	0x00000098	[ 29] _emit_native_rot_two
0x10002B0F8	0x000000E2	[ 29] _emit_native_rot_three
0x10002B1DA	0x0000002C	[ 29] _emit_native_jump
0x10002B206	0x0000000F	[ 29] _emit_native_pop_jump_if
0x10002B215	0x0000000C	[ 29] _emit_native_jump_if_or_pop
0x10002B221	0x0000015D	[ 29] _emit_native_unwind_jump
0x10002B37E	0x000001CD	[ 29] _emit_native_setup_block
0x10002B54B	0x00000203	[ 29] _emit_native_with_cleanup
0x10002B74E	0x0000011F	[ 29] _emit_native_end_finally
0x10002B86D	0x000000C6	[ 29] _emit_native_get_iter
0x10002B933	0x00000072	[ 29] _emit_native_for_iter
0x10002B9A5	0x00000018	[ 29] _emit_native_for_iter_end
0x10002B9BD	0x00000068	[ 29] _emit_native_pop_except_jump
0x10002BA25	0x000000B2	[ 29] _emit_native_unary_op
0x10002BAD7	0x00000521	[ 29] _emit_native_binary_op
0x10002BFF8	0x000001E5	[ 29] _emit_native_build
0x10002C1DD	0x000000EA	[ 29] _emit_native_store_map
0x10002C2C7	0x00000172	[ 29] _emit_native_store_comp
0x10002C439	0x00000076	[ 29] _emit_native_unpack_sequence
0x10002C4AF	0x0000008C	[ 29] _emit_native_unpack_ex
0x10002C53B	0x000000B7	[ 29] _emit_native_make_function
0x10002C5F2	0x0000012B	[ 29] _emit_native_make_closure
0x10002C71D	0x000001FA	[ 29] _emit_native_call_function
0x10002C917	0x0000008C	[ 29] _emit_native_call_method
0x10002C9A3	0x0000020A	[ 29] _emit_native_return_value
0x10002CBAD	0x00000088	[ 29] _emit_native_raise_varargs
0x10002CC35	0x0000029F	[ 29] _emit_native_yield
0x10002CED4	0x0000003E	[ 29] _emit_native_start_except_handler
0x10002CF12	0x00000011	[ 29] _emit_native_end_except_handler
0x10002CF23	0x00000045	[ 29] _emit_call_with_imm_arg
0x10002CF68	0x00000032	[ 29] _emit_native_mov_state_reg
0x10002CF9A	0x00000377	[ 29] _emit_native_global_exc_entry
0x10002D311	0x0000005F	[ 29] _need_reg_all
0x10002D370	0x00000030	[ 29] _emit_native_mov_reg_state
0x10002D3A0	0x0000003C	[ 29] _ensure_extra_stack
0x10002D3DC	0x0000003B	[ 29] _adjust_stack
0x10002D417	0x000000B5	[ 29] _emit_native_load_fast
0x10002D4CC	0x00000051	[ 29] _emit_post_push_reg
0x10002D51D	0x0000007C	[ 29] _need_reg_single
0x10002D599	0x0000007E	[ 29] _emit_pre_pop_reg_flexible
0x10002D617	0x000000B5	[ 29] _emit_access_stack
0x10002D6CC	0x000000A9	[ 29] _load_reg_stack_imm
0x10002D775	0x00000051	[ 29] _emit_post_push_imm
0x10002D7C6	0x00000068	[ 29] _emit_call_with_qstr_arg
0x10002D82E	0x0000011B	[ 29] _emit_native_store_fast
0x10002D949	0x0000007D	[ 29] _need_stack_settled
0x10002D9C6	0x0000008F	[ 29] _emit_native_leave_exc_stack
0x10002DA55	0x00000085	[ 29] _emit_load_reg_with_object
0x10002DADA	0x00000162	[ 29] _emit_get_stack_pointer_to_reg_for_pop
0x10002DC3C	0x0000007D	[ 29] _emit_get_stack_pointer_to_reg_for_push
0x10002DCB9	0x0000005B	[ 29] _emit_native_mov_reg_state_addr
0x10002DD14	0x00000191	[ 29] _emit_native_jump_helper
0x10002DEA5	0x000000A1	[ 29] _emit_native_push_exc_stack
0x10002DF46	0x0000005B	[ 29] _emit_call_with_2_imm_args
0x10002DFA1	0x0000007B	[ 29] _emit_load_reg_with_child
0x10002E01C	0x0000006D	[ 29] _emit_fold_stack_top
0x10002E08C	0x00000058	[ 30] _emit_inline_xtensa_new
0x10002E0E4	0x0000002A	[ 30] _emit_inline_xtensa_free
0x10002E10E	0x00000050	[ 30] _emit_inline_xtensa_start_pass
0x10002E15E	0x0000001C	[ 30] _emit_inline_xtensa_end_pass
0x10002E17A	0x000000BB	[ 30] _emit_inline_xtensa_count_params
0x10002E235	0x00000048	[ 30] _emit_inline_xtensa_label
0x10002E27D	0x000003A3	[ 30] _emit_inline_xtensa_op
0x10002E620	0x000000A7	[ 30] _get_arg_reg
0x10002E6C7	0x00000077	[ 30] _get_arg_label
0x10002E73E	0x00000091	[ 30] _get_arg_i
0x10002E7D0	0x0000008A	[ 31] _emit_native_xtensawin_new
0x10002E85A	0x0000004C	[ 31] _emit_native_xtensawin_free
0x10002E8A6	0x00000827	[ 31] _emit_native_start_pass
0x10002F0CD	0x00000498	[ 31] _emit_native_end_pass
0x10002F565	0x0000000C	[ 31] _emit_native_last_emit_was_return_value
0x10002F571	0x00000060	[ 31] _emit_native_adjust_stack_size
0x10002F5D1	0x00000006	[ 31] _emit_native_set_source_line
0x10002F5D7	0x000000A3	[ 31] _emit_native_load_local
0x10002F67A	0x00000077	[ 31] _emit_native_load_global
0x10002F6F1	0x000000D5	[ 31] _emit_native_store_local
0x10002F7C6	0x0000012A	[ 31] _emit_native_store_global
0x10002F8F0	0x00000043	[ 31] _emit_native_delete_local
0x10002F933	0x0000001F	[ 31] _emit_native_delete_global
0x10002F952	0x000000D7	[ 31] _emit_native_label_assign
0x10002FA29	0x00000176	[ 31] _emit_native_import
0x10002FB9F	0x0000003E	[ 31] _emit_native_load_const_tok
0x10002FBDD	0x00000019	[ 31] _emit_native_load_const_small_int
0x10002FBF6	0x00000043	[ 31] _emit_native_load_const_str
0x10002FC39	0x0000003E	[ 31] _emit_native_load_const_obj
0x10002FC77	0x00000015	[ 31] _emit_native_load_null
0x10002FC8C	0x000000B5	[ 31] _emit_native_load_method
0x10002FD41	0x0000003B	[ 31] _emit_native_load_build_class
0x10002FD7C	0x00000B60	[ 31] _emit_native_subscr
0x1000308DC	0x0000016A	[ 31] _emit_native_attr
0x100030A46	0x00000063	[ 31] _emit_native_dup_top
0x100030AA9	0x000000BB	[ 31] _emit_native_dup_top_two
0x100030B64	0x00000018	[ 31] _emit_native_pop_top
0x100030B7C	0x00000098	[ 31] _emit_native_rot_two
0x100030C14	0x000000E2	[ 31] _emit_native_rot_three
0x100030CF6	0x0000002C	[ 31] _emit_native_jump
0x100030D22	0x0000000F	[ 31] _emit_native_pop_jump_if
0x100030D31	0x0000000C	[ 31] _emit_native_jump_if_or_pop
0x100030D3D	0x0000015D	[ 31] _emit_native_unwind_jump
0x100030E9A	0x000001CD	[ 31] _emit_native_setup_block
0x100031067	0x00000203	[ 31] _emit_native_with_cleanup
0x10003126A	0x0000011F	[ 31] _emit_native_end_finally
0x100031389	0x000000C6	[ 31] _emit_native_get_iter
0x10003144F	0x00000072	[ 31] _emit_native_for_iter
0x1000314C1	0x00000018	[ 31] _emit_native_for_iter_end
0x1000314D9	0x00000068	[ 31] _emit_native_pop_except_jump
0x100031541	0x000000B2	[ 31] _emit_native_unary_op
0x1000315F3	0x00000521	[ 31] _emit_native_binary_op
0x100031B14	0x000001E5	[ 31] _emit_native_build
0x100031CF9	0x000000EA	[ 31] _emit_native_store_map
0x100031DE3	0x00000172	[ 31] _emit_native_store_comp
0x100031F55	0x00000076	[ 31] _emit_native_unpack_sequence
0x100031FCB	0x0000008C	[ 31] _emit_native_unpack_ex
0x100032057	0x000000B7	[ 31] _emit_native_make_function
0x10003210E	0x0000012B	[ 31] _emit_native_make_closure
0x100032239	0x000001FA	[ 31] _emit_native_call_function
0x100032433	0x0000008C	[ 31] _emit_native_call_method
0x1000324BF	0x00000236	[ 31] _emit_native_return_value
0x1000326F5	0x00000088	[ 31] _emit_native_raise_varargs
0x10003277D	0x0000029F	[ 31] _emit_native_yield
0x100032A1C	0x0000003E	[ 31] _emit_native_start_except_handler
0x100032A5A	0x00000011	[ 31] _emit_native_end_except_handler
0x100032A6B	0x00000045	[ 31] _emit_call_with_imm_arg
0x100032AB0	0x00000031	[ 31] _emit_native_mov_state_reg
0x100032AE1	0x000003D8	[ 31] _emit_native_global_exc_entry
0x100032EB9	0x0000005F	[ 31] _need_reg_all
0x100032F18	0x0000002F	[ 31] _emit_native_mov_reg_state
0x100032F47	0x0000003C	[ 31] _ensure_extra_stack
0x100032F83	0x0000003B	[ 31] _adjust_stack
0x100032FBE	0x000000B5	[ 31] _emit_native_load_fast
0x100033073	0x00000051	[ 31] _emit_post_push_reg
0x1000330C4	0x0000007C	[ 31] _need_reg_single
0x100033140	0x0000007E	[ 31] _emit_pre_pop_reg_flexible
0x1000331BE	0x000000B5	[ 31] _emit_access_stack
0x100033273	0x000000A9	[ 31] _load_reg_stack_imm
0x10003331C	0x00000051	[ 31] _emit_post_push_imm
0x10003336D	0x00000068	[ 31] _emit_call_with_qstr_arg
0x1000333D5	0x0000011B	[ 31] _emit_native_store_fast
0x1000334F0	0x0000007D	[ 31] _need_stack_settled
0x10003356D	0x0000008F	[ 31] _emit_native_leave_exc_stack
0x1000335FC	0x00000085	[ 31] _emit_load_reg_with_object
0x100033681	0x00000162	[ 31] _emit_get_stack_pointer_to_reg_for_pop
0x1000337E3	0x0000007D	[ 31] _emit_get_stack_pointer_to_reg_for_push
0x100033860	0x00000057	[ 31] _emit_native_mov_reg_state_addr
0x1000338B7	0x00000191	[ 31] _emit_native_jump_helper
0x100033A48	0x000000A1	[ 31] _emit_native_push_exc_stack
0x100033AE9	0x0000005B	[ 31] _emit_call_with_2_imm_args
0x100033B44	0x0000007B	[ 31] _emit_load_reg_with_child
0x100033BBF	0x0000006D	[ 31] _emit_fold_stack_top
0x100033C2C	0x00000641	[ 32] _mp_format_float
0x10003426D	0x000000B7	[ 33] _mp_parse_num_base
0x100034324	0x000001D2	[ 34] _mp_parse_num_integer
0x1000344F6	0x00000042	[ 34] _mp_obj_new_exception_arg1
0x100034538	0x00000034	[ 34] _raise_exc
0x10003456C	0x00000371	[ 34] _mp_parse_num_decimal
0x1000348DD	0x0000001A	[ 35] _mp_emit_glue_new_raw_code
0x1000348F7	0x0000002A	[ 35] _mp_emit_glue_assign_bytecode
0x100034921	0x0000006A	[ 35] _mp_emit_glue_assign_native
0x10003498B	0x00000221	[ 36] _mp_raw_code_save
0x100034BAC	0x00000305	[ 36] _save_obj
0x100034EB1	0x00000216	[ 36] _save_raw_code
0x1000350C7	0x0000004F	[ 36] _mp_raw_code_save_file
0x100035116	0x0000000A	[ 36] _fd_print_strn
0x100035120	0x0000007A	[ 37] _mp_init
0x10003519A	0x00000006	[ 37] _mp_deinit
0x1000351A2	0x00000076	[ 37] _mp_raise_msg_varg
0x10003521B	0x000001ED	[ 37] _mp_unary_op
0x100035408	0x00000590	[ 37] _mp_binary_op
0x100035998	0x00000013	[ 37] _mp_raise_ValueError
0x1000359AB	0x000000FF	[ 37] _mp_getiter
0x100035AAA	0x00000137	[ 37] _mp_iternext
0x100035BE1	0x00000023	[ 37] _mp_raise_msg
0x100035C04	0x00000058	[ 37] _mp_call_function_n_kw
0x100035C5C	0x00000021	[ 37] _mp_call_function_1
0x100035C7D	0x00000032	[ 37] _mp_call_method_n_kw
0x100035CB1	0x000000AE	[ 37] _mp_convert_member_lookup
0x100035D5F	0x000000CA	[ 37] _mp_load_method_maybe
0x100035E29	0x000000D5	[ 37] _mp_iternext_allow_raise
0x100035F00	0x00000035	[ 37] _m_malloc_fail
0x100035F35	0x00000013	[ 37] _mp_raise_TypeError
0x100035F48	0x00000013	[ 37] _mp_raise_NotImplementedError
0x100035F5B	0x00000011	[ 37] _mp_raise_type_arg
0x100035F6C	0x00000034	[ 37] _mp_obj_new_exception_arg1
0x100035FA0	0x00000026	[ 37] _mp_raise_StopIteration
0x100035FC6	0x0000001A	[ 37] _mp_raise_OSError
0x100035FE0	0x00000015	[ 37] _mp_raise_recursion_depth
0x100035FF5	0x00000066	[ 37] _checked_fun_call
0x10003605C	0x0000008C	[ 38] _mp_native_type_from_qstr
0x1000360E8	0x00000014	[ 39] _mp_stack_ctrl_init
0x1000360FC	0x00000011	[ 39] _mp_stack_set_limit
0x10003610D	0x0000002A	[ 39] _mp_stack_check
0x100036137	0x0000007D	[ 40] _mp_arg_check_num_sig
0x1000361B4	0x0000013C	[ 40] _mp_arg_parse_all
0x1000362F0	0x00000054	[ 40] _mp_arg_parse_all_kw_array
0x100036344	0x00000010	[ 40] _mp_arg_error_unimpl_kw
0x100036354	0x0000003C	[ 42] _mp_map_init
0x100036390	0x00000019	[ 42] _mp_map_init_fixed_table
0x1000363A9	0x00000031	[ 42] _mp_map_deinit
0x1000363DA	0x00000034	[ 42] _mp_map_clear
0x10003640E	0x0000023F	[ 42] _mp_map_lookup
0x10003664D	0x000000C0	[ 42] _mp_map_rehash
0x10003670D	0x00000018	[ 43] _mp_obj_malloc_helper
0x100036725	0x00000021	[ 43] _mp_obj_get_type
0x100036746	0x00000029	[ 43] _mp_obj_get_type_str
0x10003676F	0x0000008D	[ 43] _mp_obj_print_helper
0x1000367FC	0x0000011A	[ 43] _mp_obj_print_exception
0x100036916	0x0000007E	[ 43] _mp_obj_is_true
0x100036994	0x0000006D	[ 43] _mp_obj_len_maybe
0x100036A01	0x000001B7	[ 43] _mp_obj_equal_not_equal
0x100036BB8	0x0000001D	[ 43] _mp_obj_equal
0x100036BD5	0x0000004D	[ 43] _mp_obj_get_int
0x100036C22	0x00000027	[ 43] _mp_obj_get_int_truncated
0x100036C49	0x00000055	[ 43] _mp_obj_get_int_maybe
0x100036C9E	0x0000006D	[ 43] _mp_obj_get_float_maybe
0x100036D0B	0x00000042	[ 43] _mp_obj_get_float
0x100036D4D	0x00000095	[ 43] _mp_obj_get_complex_maybe
0x100036DE2	0x00000048	[ 43] _mp_obj_get_array
0x100036E2A	0x000000B4	[ 43] _mp_get_index
0x100036EDE	0x00000097	[ 43] _mp_obj_subscr
0x100036F75	0x00000009	[ 43] _mp_identity_getiter
0x100036F7E	0x00000035	[ 43] _mp_get_buffer
0x100036FB3	0x0000003C	[ 43] _mp_get_buffer_raise
0x100036FEF	0x00000014	[ 43] _mp_generic_unary_op
0x100037003	0x00000020	[ 45] _bool_print
0x100037023	0x00000041	[ 45] _bool_make_new
0x100037064	0x00000023	[ 45] _bool_unary_op
0x100037087	0x0000001A	[ 45] _bool_binary_op
0x1000370A1	0x000000E9	[ 46] _mp_call_method_self_n_kw
0x10003718C	0x000000F5	[ 47] _complex_print
0x100037281	0x00000188	[ 47] _complex_make_new
0x100037409	0x000000D7	[ 47] _complex_unary_op
0x1000374E0	0x00000017	[ 47] _complex_binary_op
0x1000374F7	0x00000041	[ 47] _complex_attr
0x100037538	0x0000003D	[ 47] _mp_obj_new_complex
0x100037575	0x0000002F	[ 47] _mp_obj_complex_get
0x1000375A4	0x00000318	[ 47] _mp_obj_complex_binary_op
0x1000378BC	0x000000B3	[ 48] _mp_obj_dict_make_new
0x10003796F	0x000001B7	[ 48] _dict_update
0x100037B26	0x00000033	[ 48] _mp_obj_dict_get
0x100037B59	0x00000096	[ 48] _mp_obj_dict_copy
0x100037BEF	0x000000BA	[ 48] _dict_print
0x100037CA9	0x00000030	[ 48] _dict_unary_op
0x100037CD9	0x000000D2	[ 48] _dict_binary_op
0x100037DAB	0x00000092	[ 48] _dict_subscr
0x100037E3D	0x00000026	[ 48] _dict_getiter
0x100037E63	0x00000018	[ 48] _mp_obj_dict_init
0x100037E7B	0x00000034	[ 48] _mp_obj_dict_store
0x100037EAF	0x0000008D	[ 48] _dict_get_helper
0x100037F3C	0x0000005D	[ 48] _dict_iter_next
0x100037F99	0x00000055	[ 48] _dict_view_it_iternext
0x100037FEE	0x00000021	[ 48] _dict_clear
0x10003800F	0x000000C9	[ 48] _dict_fromkeys
0x1000380D8	0x0000000C	[ 48] _dict_get
0x1000380E4	0x0000002C	[ 48] _dict_items
0x100038110	0x000000C1	[ 48] _dict_view_print
0x1000381D1	0x00000038	[ 48] _dict_view_binary_op
0x100038209	0x00000029	[ 48] _dict_view_getiter
0x100038232	0x0000002C	[ 48] _dict_keys
0x10003825E	0x0000000F	[ 48] _dict_pop
0x10003826D	0x0000007D	[ 48] _dict_popitem
0x1000382EA	0x0000000F	[ 48] _dict_setdefault
0x1000382F9	0x0000002C	[ 48] _dict_values
0x100038325	0x000000B9	[ 50] _mp_obj_exception_print
0x1000383DE	0x000000AE	[ 50] _mp_obj_exception_make_new
0x10003848C	0x00000021	[ 50] _mp_obj_exception_get_value
0x1000384AD	0x00000042	[ 50] _get_native_exception
0x1000384EF	0x0000006D	[ 50] _mp_obj_exception_attr
0x10003855C	0x00000065	[ 50] _mp_obj_new_exception
0x1000385C1	0x000000C7	[ 50] _mp_obj_new_exception_msg
0x100038688	0x0000009A	[ 50] _mp_obj_new_exception_msg_varg
0x100038722	0x00000159	[ 50] _mp_obj_new_exception_msg_vlist
0x10003887B	0x00000091	[ 50] _exc_add_strn
0x10003890C	0x00000034	[ 50] _mp_obj_is_exception_type
0x100038940	0x00000012	[ 50] _mp_obj_is_exception_instance
0x100038952	0x00000038	[ 50] _mp_obj_exception_match
0x10003898A	0x000000C2	[ 50] _mp_obj_exception_add_traceback
0x100038A4C	0x0000002D	[ 50] _mp_obj_exception_get_traceback
0x100038A7C	0x000000B2	[ 52] _float_print
0x100038B2E	0x000000B6	[ 52] _float_make_new
0x100038BE4	0x000000C8	[ 52] _float_unary_op
0x100038CAC	0x00000047	[ 52] _float_binary_op
0x100038CF3	0x00000031	[ 52] _mp_obj_new_float
0x100038D24	0x00000022	[ 52] _mp_obj_float_get
0x100038D46	0x0000039E	[ 52] _mp_obj_float_binary_op
0x1000390E4	0x000000C0	[ 52] _mp_obj_float_divmod
0x1000391A5	0x00000041	[ 53] _fun_builtin_1_call
0x1000391E6	0x00000044	[ 53] _fun_builtin_2_call
0x10003922A	0x00000048	[ 53] _fun_builtin_3_call
0x100039272	0x0000008F	[ 53] _fun_builtin_var_call
0x100039301	0x0000002A	[ 55] _mp_obj_new_getitem_iter
0x10003932B	0x00000070	[ 55] _it_iternext
0x10003939B	0x000000AD	[ 56] _mp_obj_new_int_from_float
0x100039448	0x0000008C	[ 56] _mp_obj_int_print
0x1000394D4	0x000001D8	[ 56] _mp_obj_int_formatted
0x1000396AC	0x00000070	[ 56] _mp_int_format_size
0x10003971C	0x0000006F	[ 56] _mp_obj_int_binary_op_extra_cases
0x10003978B	0x000000FD	[ 56] _mp_obj_int_make_new
0x100039888	0x000000A4	[ 56] _int_from_bytes
0x10003992C	0x000000C3	[ 56] _int_to_bytes
0x1000399F0	0x0000002D	[ 57] _mp_obj_int_new_mpz
0x100039A1D	0x000000B8	[ 57] _mp_obj_int_formatted_impl
0x100039AD5	0x0000005A	[ 57] _mp_obj_int_from_bytes_impl
0x100039B2F	0x00000029	[ 57] _mp_obj_int_to_bytes_impl
0x100039B58	0x0000003A	[ 57] _mp_obj_int_sign
0x100039B92	0x0000012A	[ 57] _mp_obj_int_unary_op
0x100039CBC	0x00000454	[ 57] _mp_obj_int_binary_op
0x10003A110	0x00000044	[ 57] _mp_obj_int_get_checked
0x10003A154	0x0000001C	[ 57] _mp_obj_new_int
0x10003A170	0x0000004B	[ 57] _mp_obj_new_int_from_ll
0x10003A1BB	0x00000048	[ 57] _mp_obj_new_int_from_ull
0x10003A203	0x0000001C	[ 57] _mp_obj_new_int_from_uint
0x10003A21F	0x00000066	[ 57] _mp_obj_new_int_from_str_len
0x10003A285	0x0000001C	[ 57] _mp_obj_int_get_truncated
0x10003A2A2	0x00000025	[ 57] _mp_obj_int_as_float_impl
0x10003A2C7	0x0000006F	[ 58] _mp_obj_list_append
0x10003A336	0x0000006E	[ 58] _mp_obj_list_sort
0x10003A3A4	0x0000016D	[ 58] _mp_quicksort
0x10003A511	0x00000069	[ 58] _mp_obj_list_remove
0x10003A57A	0x0000001B	[ 58] _list_index
0x10003A595	0x000000B8	[ 58] _list_pop
0x10003A64D	0x00000075	[ 58] _list_print
0x10003A6C2	0x00000055	[ 58] _list_make_new
0x10003A717	0x0000002E	[ 58] _list_unary_op
0x10003A745	0x00000180	[ 58] _list_binary_op
0x10003A8C5	0x000002C9	[ 58] _list_subscr
0x10003AB8E	0x0000002A	[ 58] _list_getiter
0x10003ABB8	0x00000052	[ 58] _mp_obj_list_init
0x10003AC0A	0x00000056	[ 58] _mp_obj_new_list
0x10003AC60	0x00000014	[ 58] _mp_obj_list_get
0x10003AC74	0x0000003C	[ 58] _list_extend_from_iter
0x10003ACB0	0x000000A2	[ 58] _list_extend
0x10003AD52	0x00000027	[ 58] _list_it_iternext
0x10003AD79	0x00000041	[ 58] _list_clear
0x10003ADBA	0x00000015	[ 58] _list_copy
0x10003ADCF	0x00000015	[ 58] _list_count
0x10003ADE4	0x0000006E	[ 58] _list_insert
0x10003AE52	0x0000004A	[ 58] _list_reverse
0x10003AE9C	0x00000029	[ 61] _object_make_new
0x10003AEC5	0x0000000B	[ 61] _object___init__
0x10003AED0	0x00000042	[ 61] _object___new__
0x10003AF12	0x00000008	[ 62] _polymorph_it_iternext
0x10003AF1A	0x00000082	[ 63] _property_make_new
0x10003AF9C	0x0000000A	[ 63] _mp_obj_property_get
0x10003AFA6	0x0000002E	[ 63] _property_getter
0x10003AFD4	0x0000002E	[ 63] _property_setter
0x10003B002	0x0000002E	[ 63] _property_deleter
0x10003B030	0x00000011	[ 64] _none_print
0x10003B041	0x00000017	[ 68] _singleton_print
0x10003B058	0x00000085	[ 69] _slice_print
0x10003B0DD	0x00000133	[ 69] _mp_obj_slice_indices
0x10003B210	0x00000147	[ 70] _mp_str_print_quoted
0x10003B357	0x00000189	[ 70] _mp_obj_str_make_new
0x10003B4E0	0x000000A7	[ 70] _mp_obj_new_str_from_vstr
0x10003B587	0x0000006A	[ 70] _mp_obj_new_str_copy
0x10003B5F1	0x0000003A	[ 70] _mp_obj_new_str
0x10003B62B	0x0000008E	[ 70] _find_subbytes
0x10003B6B9	0x000009EF	[ 70] _mp_obj_str_binary_op
0x10003C0A8	0x00000036	[ 70] _bad_implicit_conversion
0x10003C0DE	0x000001A1	[ 70] _str_join
0x10003C27F	0x0000024D	[ 70] _mp_obj_str_split
0x10003C4CC	0x00000026	[ 70] _mp_obj_new_str_of_type
0x10003C4F2	0x0000005F	[ 70] _mp_obj_str_get_data
0x10003C551	0x000001E9	[ 70] _str_rsplit
0x10003C73A	0x00000011	[ 70] _str_find
0x10003C74B	0x00000011	[ 70] _str_rfind
0x10003C75C	0x00000014	[ 70] _str_index
0x10003C770	0x00000014	[ 70] _str_rindex
0x10003C784	0x000000C3	[ 70] _str_startswith
0x10003C847	0x0000009A	[ 70] _str_endswith
0x10003C8E1	0x00000015	[ 70] _str_strip
0x10003C8F6	0x00000012	[ 70] _str_lstrip
0x10003C908	0x00000015	[ 70] _str_rstrip
0x10003C91D	0x0000008D	[ 70] _mp_obj_str_format
0x10003C9AA	0x00000AE2	[ 70] _mp_obj_str_format_helper
0x10003D48C	0x000002B5	[ 70] _str_replace
0x10003D741	0x00000165	[ 70] _str_count
0x10003D8A6	0x00000014	[ 70] _str_lower
0x10003D8BA	0x00000014	[ 70] _str_upper
0x10003D8CE	0x00000070	[ 70] _str_isspace
0x10003D93E	0x00000070	[ 70] _str_isalpha
0x10003D9AE	0x00000070	[ 70] _str_isdigit
0x10003DA1E	0x00000095	[ 70] _str_isupper
0x10003DAB3	0x00000095	[ 70] _str_islower
0x10003DB48	0x00000064	[ 70] _bytes_decode
0x10003DBAC	0x0000005F	[ 70] _str_encode
0x10003DC0B	0x0000005C	[ 70] _mp_obj_str_get_buffer
0x10003DC67	0x00000083	[ 70] _str_print
0x10003DCEA	0x00000241	[ 70] _bytes_make_new
0x10003DF2B	0x000000D0	[ 70] _bytes_subscr
0x10003DFFB	0x0000002A	[ 70] _mp_obj_new_bytes_iterator
0x10003E025	0x00000017	[ 70] _mp_obj_new_bytes
0x10003E03C	0x00000013	[ 70] _mp_obj_new_str_via_qstr
0x10003E04F	0x000000F7	[ 70] _mp_obj_str_equal
0x10003E146	0x0000003C	[ 70] _mp_obj_str_get_qstr
0x10003E184	0x0000017D	[ 70] _str_finder
0x10003E301	0x000001FE	[ 70] _str_uni_strip
0x10003E4FF	0x00000099	[ 70] _str_caseconv
0x10003E598	0x00000064	[ 70] _bytes_it_iternext
0x10003E5FC	0x00000108	[ 71] _str_index_to_ptr
0x10003E704	0x000001AE	[ 71] _uni_print
0x10003E8B2	0x0000006A	[ 71] _uni_unary_op
0x10003E91C	0x00000167	[ 71] _str_subscr
0x10003EA83	0x0000002A	[ 71] _mp_obj_new_str_iterator
0x10003EAAD	0x0000007E	[ 71] _str_it_iternext
0x10003EB2B	0x00000089	[ 72] _mp_obj_tuple_print
0x10003EBB4	0x00000089	[ 72] _mp_obj_tuple_unary_op
0x10003EC3D	0x000001BF	[ 72] _mp_obj_tuple_binary_op
0x10003EDFC	0x00000050	[ 72] _mp_obj_new_tuple
0x10003EE4C	0x000000CB	[ 72] _mp_obj_tuple_subscr
0x10003EF17	0x000000E6	[ 72] _mp_obj_tuple_make_new
0x10003EFFD	0x0000002A	[ 72] _mp_obj_tuple_getiter
0x10003F027	0x00000043	[ 72] _mp_obj_tuple_get
0x10003F06A	0x00000024	[ 72] _tuple_it_iternext
0x10003F08E	0x00000015	[ 72] _tuple_count
0x10003F0A3	0x0000001B	[ 72] _tuple_index
0x10003F0BE	0x00000054	[ 73] _mp_obj_new_instance
0x10003F112	0x000000B0	[ 73] _instance_count_native_bases
0x10003F1C2	0x00000245	[ 73] _mp_obj_instance_make_new
0x10003F407	0x000001F2	[ 73] _mp_obj_class_lookup
0x10003F5F9	0x000000D2	[ 73] _mp_obj_instance_call
0x10003F6CB	0x000000BE	[ 73] _mp_obj_instance_getiter
0x10003F789	0x00000017	[ 73] _type_print
0x10003F7A0	0x0000005D	[ 73] _type_make_new
0x10003F7FD	0x00000029	[ 73] _type_call
0x10003F826	0x000001D3	[ 73] _type_attr
0x10003F9F9	0x00000293	[ 73] _mp_obj_new_type
0x10003FC8C	0x0000013C	[ 73] _instance_print
0x10003FDC8	0x00000102	[ 73] _instance_unary_op
0x10003FECA	0x000000FC	[ 73] _instance_binary_op
0x10003FFC6	0x00000290	[ 73] _mp_obj_instance_attr
0x100040256	0x000000F3	[ 73] _instance_subscr
0x100040349	0x00000098	[ 73] _instance_get_buffer
0x1000403E1	0x00000053	[ 73] _static_class_method_make_new
0x100040434	0x00000089	[ 73] _mp_obj_is_subclass_fast
0x1000404BD	0x00000036	[ 73] _mp_obj_cast_to_native_base
0x1000404F3	0x0000005B	[ 73] _native_base_init_wrapper
0x10004054E	0x00000027	[ 75] _op_getitem
0x100040575	0x00000031	[ 75] _op_setitem
0x1000405A6	0x00000024	[ 75] _op_delitem
0x1000405CA	0x0000003F	[ 76] _mp_seq_multiply
0x100040609	0x00000056	[ 76] _mp_seq_get_fast_slice_indexes
0x10004065F	0x00000069	[ 76] _mp_seq_extract_slice
0x1000406C8	0x00000091	[ 76] _mp_seq_cmp_bytes
0x100040759	0x000000E4	[ 76] _mp_seq_cmp_objs
0x10004083D	0x000000B3	[ 76] _mp_seq_index_obj
0x1000408F0	0x0000005B	[ 76] _mp_seq_count_obj
0x10004094D	0x0000003D	[ 78] _mp_binary_set_int
0x10004098A	0x00000020	[ 81] _mp_builtin_next
0x1000409AA	0x0000008E	[ 85] _mp_encode_uint
0x100040A38	0x00000080	[ 86] _mp_small_int_mul_overflow
0x100040AB8	0x00000028	[ 86] _mp_small_int_modulo
0x100040AE0	0x0000002E	[ 86] _mp_small_int_floor_divide
0x100040B0E	0x000006D8	[ 87] _main_
0x1000411E6	0x00000037	[ 87] _usage
0x10004121D	0x0000001F	[ 87] _main
0x10004123C	0x00000029	[ 87] _nlr_jump_fail
0x100041265	0x0000000F	[ 87] _stderr_print_strn
0x100041274	0x00000014	[ 88] _gc_collect
0x100041288	0x00000074	[ 89] _gc_helper_collect_regs_and_stack
0x100041300	0x00000030	[  5] _gc_free.cold.1
0x100041330	0x00000030	[  5] _gc_free.cold.2
0x100041360	0x00000030	[  5] _gc_realloc.cold.1
0x100041390	0x00000030	[  5] _gc_realloc.cold.2
0x1000413C0	0x00000023	[  5] _gc_realloc.cold.3
0x1000413E3	0x00000023	[  6] _find_qstr.cold.1
0x100041406	0x00000023	[  7] _vstr_add_char.cold.1
0x10004142B	0x00000023	[  8] _mp_print_mp_int.cold.1
0x10004144E	0x00000023	[  8] _mp_vprintf.cold.1
0x100041471	0x00000023	[ 10] _mpz_need_dig.cold.1
0x100041494	0x00000023	[ 10] _mpz_set_from_str.cold.1
0x1000414B7	0x00000023	[ 10] _mpz_or_inpl.cold.1
0x1000414DA	0x00000023	[ 10] _mpz_clone.cold.1
0x1000414FD	0x00000023	[ 10] _mpz_divmod_inpl.cold.1
0x100041520	0x00000023	[ 10] _mpz_as_str_inpl.cold.1
0x100041543	0x00000023	[ 10] _mpz_as_str_inpl.cold.2
0x100041568	0x00000023	[ 13] _mp_parse.cold.1
0x10004158B	0x00000023	[ 13] _mp_parse.cold.2
0x1000415AE	0x00000023	[ 13] _mp_parse.cold.3
0x1000415D1	0x00000023	[ 13] _mp_parse.cold.4
0x1000415F4	0x00000023	[ 13] _mp_parse.cold.5
0x100041617	0x00000023	[ 13] _mp_parse.cold.6
0x10004163A	0x00000023	[ 13] _mp_parse.cold.7
0x10004165D	0x00000023	[ 13] _mp_parse.cold.8
0x100041680	0x00000023	[ 13] _mp_parse.cold.9
0x1000416A3	0x00000023	[ 13] _mp_parse.cold.10
0x1000416C6	0x00000023	[ 13] _mp_parse.cold.11
0x1000416E9	0x00000023	[ 13] _push_rule_from_arg.cold.1
0x10004170C	0x00000023	[ 13] _pop_result.cold.1
0x10004172F	0x00000023	[ 13] _push_result_rule.cold.1
0x100041752	0x00000023	[ 13] _push_result_rule.cold.2
0x100041775	0x00000023	[ 13] _push_result_rule.cold.3
0x100041798	0x00000023	[ 13] _push_result_rule.cold.4
0x1000417BB	0x00000023	[ 13] _push_result_rule.cold.5
0x1000417DE	0x00000023	[ 13] _push_result_rule.cold.6
0x100041801	0x00000023	[ 13] _push_result_rule.cold.7
0x100041824	0x00000023	[ 13] _push_result_rule.cold.8
0x100041847	0x00000023	[ 13] _push_result_rule.cold.9
0x10004186A	0x00000023	[ 13] _push_result_rule.cold.10
0x10004188D	0x00000023	[ 13] _push_result_rule.cold.11
0x1000418B0	0x00000023	[ 13] _push_result_rule.cold.12
0x1000418D3	0x00000023	[ 13] _push_result_rule.cold.13
0x1000418F6	0x00000023	[ 13] _push_result_rule.cold.14
0x100041919	0x00000023	[ 13] _push_result_rule.cold.15
0x10004193C	0x00000023	[ 13] _push_result_rule.cold.16
0x10004195F	0x00000023	[ 13] _push_result_rule.cold.17
0x100041982	0x00000023	[ 13] _push_result_rule.cold.18
0x1000419A5	0x00000023	[ 13] _push_result_rule.cold.19
0x1000419C8	0x00000023	[ 13] _push_result_rule.cold.20
0x1000419EB	0x00000023	[ 13] _push_result_rule.cold.21
0x100041A0E	0x00000023	[ 13] _push_result_rule.cold.22
0x100041A31	0x00000023	[ 13] _mp_parse_node_convert_to_obj.cold.1
0x100041A54	0x00000023	[ 13] _mp_parse_node_convert_to_obj.cold.2
0x100041A77	0x00000023	[ 13] _mp_parse_node_convert_to_obj.cold.3
0x100041A9A	0x00000023	[ 13] _mp_parse_node_convert_to_obj.cold.4
0x100041ABD	0x00000023	[ 13] _mp_parse_node_convert_to_obj.cold.5
0x100041AE0	0x00000023	[ 13] _peek_rule.cold.1
0x100041B03	0x00000023	[ 13] _build_tuple_from_stack.cold.1
0x100041B26	0x00000021	[ 14] _scope_new.cold.1
0x100041B47	0x00000023	[ 14] _scope_check_to_close_over.cold.1
0x100041B6A	0x00000021	[ 14] _scope_check_to_close_over.cold.2
0x100041B8D	0x00000023	[ 15] _mp_compile_to_raw_code.cold.1
0x100041BB0	0x00000023	[ 15] _compile_scope_inline_asm.cold.1
0x100041BD3	0x00000023	[ 15] _compile_scope_inline_asm.cold.2
0x100041BF6	0x00000023	[ 15] _compile_scope_inline_asm.cold.3
0x100041C19	0x00000023	[ 15] _compile_scope_inline_asm.cold.4
0x100041C3C	0x00000023	[ 15] _compile_scope.cold.1
0x100041C5F	0x00000023	[ 15] _compile_scope.cold.2
0x100041C82	0x00000023	[ 15] _compile_scope.cold.3
0x100041CA5	0x00000023	[ 15] _compile_scope.cold.4
0x100041CC8	0x00000023	[ 15] _compile_scope.cold.5
0x100041CEB	0x00000023	[ 15] _compile_scope.cold.6
0x100041D0E	0x00000023	[ 15] _compile_scope.cold.7
0x100041D31	0x00000023	[ 15] _compile_scope.cold.8
0x100041D54	0x00000023	[ 15] _compile_scope.cold.9
0x100041D77	0x00000023	[ 15] _compile_scope.cold.10
0x100041D9A	0x00000023	[ 15] _compile_scope.cold.11
0x100041DBD	0x00000023	[ 15] _compile_scope.cold.12
0x100041DE0	0x00000023	[ 15] _compile_scope.cold.13
0x100041E03	0x00000023	[ 15] _compile_node.cold.1
0x100041E26	0x00000023	[ 15] _compile_scope_comp_iter.cold.1
0x100041E49	0x00000023	[ 15] _compile_decorated.cold.1
0x100041E6C	0x00000023	[ 15] _compile_decorated.cold.2
0x100041E8F	0x00000023	[ 15] _compile_decorated.cold.3
0x100041EB2	0x00000023	[ 15] _compile_decorated.cold.4
0x100041ED5	0x00000023	[ 15] _compile_expr_stmt.cold.1
0x100041EF8	0x00000023	[ 15] _compile_break_cont_stmt.cold.1
0x100041F1B	0x00000023	[ 15] _compile_import_from.cold.1
0x100041F3E	0x00000023	[ 15] _compile_import_from.cold.2
0x100041F61	0x00000023	[ 15] _compile_import_from.cold.3
0x100041F84	0x00000023	[ 15] _compile_async_stmt.cold.1
0x100041FA7	0x00000023	[ 15] _compile_async_stmt.cold.2
0x100041FCA	0x00000023	[ 15] _compile_async_stmt.cold.3
0x100041FED	0x00000023	[ 15] _compile_if_stmt.cold.1
0x100042010	0x00000023	[ 15] _compile_for_stmt.cold.1
0x100042033	0x00000023	[ 15] _compile_try_stmt.cold.1
0x100042056	0x00000023	[ 15] _compile_with_stmt.cold.1
0x100042079	0x00000023	[ 15] _compile_test_if_expr.cold.1
0x10004209C	0x00000023	[ 15] _compile_comparison.cold.1
0x1000420BF	0x00000023	[ 15] _compile_comparison.cold.2
0x1000420E2	0x00000023	[ 15] _compile_factor_2.cold.1
0x100042105	0x00000023	[ 15] _compile_atom_paren.cold.1
0x100042128	0x00000023	[ 15] _compile_atom_brace.cold.1
0x10004214B	0x00000023	[ 15] _compile_atom_brace.cold.2
0x10004216E	0x00000023	[ 15] _compile_subscript.cold.1
0x100042191	0x00000023	[ 15] _compile_subscript.cold.2
0x1000421B4	0x00000023	[ 15] _compile_subscript.cold.3
0x1000421D7	0x00000023	[ 15] _compile_subscript.cold.4
0x1000421FA	0x00000023	[ 15] _compile_funcdef_lambdef_param.cold.1
0x10004221D	0x00000023	[ 15] _compile_funcdef_lambdef_param.cold.2
0x100042240	0x00000023	[ 15] _close_over_variables_etc.cold.1
0x100042263	0x00000023	[ 15] _close_over_variables_etc.cold.2
0x100042286	0x00000023	[ 15] _compile_comprehension.cold.1
0x1000422A9	0x00000023	[ 15] _compile_comprehension.cold.2
0x1000422CC	0x00000023	[ 15] _c_assign.cold.1
0x1000422EF	0x00000023	[ 15] _c_assign.cold.2
0x100042312	0x00000023	[ 15] _c_assign.cold.3
0x100042335	0x00000023	[ 15] _c_assign.cold.4
0x100042358	0x00000023	[ 15] _c_del_stmt.cold.1
0x10004237B	0x00000023	[ 15] _c_del_stmt.cold.2
0x10004239E	0x00000023	[ 15] _c_del_stmt.cold.3
0x1000423C1	0x00000023	[ 15] _c_if_cond.cold.1
0x1000423E4	0x00000023	[ 15] _do_import_name.cold.1
0x100042407	0x00000023	[ 15] _compile_decrease_except_level.cold.1
0x10004242A	0x00000023	[ 15] _compile_try_finally.cold.1
0x10004244D	0x00000023	[ 15] _compile_try_except.cold.1
0x100042470	0x00000023	[ 15] _compile_scope_func_lambda_param.cold.1
0x100042493	0x00000023	[ 15] _compile_scope_func_lambda_param.cold.2
0x1000424B6	0x00000023	[ 15] _compile_scope_func_lambda_param.cold.3
0x1000424DC	0x00000021	[ 16] _mp_emit_common_id_op.cold.1
0x1000424FD	0x00000021	[ 16] _mp_emit_common_id_op.cold.2
0x10004251E	0x00000023	[ 17] _mp_emit_bc_end_pass.cold.1
0x100042541	0x00000023	[ 17] _mp_emit_bc_end_pass.cold.2
0x100042564	0x00000023	[ 17] _mp_emit_bc_end_pass.cold.3
0x100042587	0x00000023	[ 17] _mp_emit_bc_end_pass.cold.4
0x1000425AA	0x00000023	[ 17] _mp_emit_bc_adjust_stack_size.cold.1
0x1000425CD	0x00000021	[ 17] _mp_emit_bc_set_source_line.cold.1
0x1000425EE	0x00000023	[ 17] _mp_emit_bc_label_assign.cold.1
0x100042611	0x00000023	[ 17] _mp_emit_bc_label_assign.cold.2
0x100042634	0x00000023	[ 17] _mp_emit_bc_load_const_small_int.cold.1
0x100042657	0x00000023	[ 17] _emit_write_bytecode_byte_label.cold.1
0x10004267A	0x00000023	[ 17] _emit_write_bytecode_byte_label.cold.2
0x10004269D	0x00000023	[ 17] _mp_emit_bc_make_closure.cold.1
0x1000426C0	0x00000023	[ 17] _mp_emit_bc_raise_varargs.cold.1
0x1000426E3	0x00000021	[ 17] _emit_get_cur_to_write_code_info.cold.1
0x100042704	0x00000023	[ 17] _emit_get_cur_to_write_bytecode.cold.1
0x100042727	0x00000021	[ 18] _mp_asm_base_start_pass.cold.1
0x100042748	0x00000021	[ 18] _mp_asm_base_get_cur_to_write_bytes.cold.1
0x100042769	0x00000021	[ 18] _mp_asm_base_label_assign.cold.1
0x10004278A	0x00000021	[ 18] _mp_asm_base_label_assign.cold.2
0x1000427AB	0x00000021	[ 18] _mp_asm_base_label_assign.cold.3
0x1000427CC	0x00000023	[ 19] _asm_x64_test_r8_with_r8.cold.1
0x1000427EF	0x00000023	[ 19] _asm_x64_test_r8_with_r8.cold.2
0x100042812	0x00000023	[ 19] _asm_x64_setcc_r8.cold.1
0x100042835	0x00000023	[ 19] _asm_x64_jmp_reg.cold.1
0x100042858	0x00000023	[ 19] _asm_x64_jmp_label.cold.1
0x10004287B	0x00000023	[ 19] _asm_x64_jcc_label.cold.1
0x10004289E	0x00000023	[ 19] _asm_x64_entry.cold.1
0x1000428C1	0x00000023	[ 19] _asm_x64_mov_reg_pcrel.cold.1
0x1000428E4	0x00000023	[ 19] _asm_x64_call_ind.cold.1
0x100042908	0x00000023	[ 20] _emit_native_start_pass.cold.1
0x10004292B	0x00000023	[ 20] _emit_native_end_pass.cold.1
0x10004294E	0x00000023	[ 20] _emit_native_end_pass.cold.2
0x100042971	0x00000023	[ 20] _emit_native_end_pass.cold.3
0x100042994	0x00000023	[ 20] _emit_native_end_pass.cold.4
0x1000429B7	0x00000023	[ 20] _emit_native_store_global.cold.1
0x1000429DA	0x00000023	[ 20] _emit_native_import.cold.1
0x1000429FD	0x00000023	[ 20] _emit_native_import.cold.2
0x100042A20	0x00000023	[ 20] _emit_native_import.cold.3
0x100042A43	0x00000023	[ 20] _emit_native_import.cold.4
0x100042A66	0x00000023	[ 20] _emit_native_load_method.cold.1
0x100042A89	0x00000023	[ 20] _emit_native_subscr.cold.1
0x100042AAC	0x00000023	[ 20] _emit_native_subscr.cold.2
0x100042ACF	0x00000023	[ 20] _emit_native_attr.cold.1
0x100042AF2	0x00000023	[ 20] _emit_native_attr.cold.2
0x100042B15	0x00000023	[ 20] _emit_native_attr.cold.3
0x100042B38	0x00000023	[ 20] _emit_native_attr.cold.4
0x100042B5B	0x00000023	[ 20] _emit_native_setup_block.cold.1
0x100042B7E	0x00000023	[ 20] _emit_native_end_finally.cold.1
0x100042BA1	0x00000023	[ 20] _emit_native_end_finally.cold.2
0x100042BC4	0x00000023	[ 20] _emit_native_get_iter.cold.1
0x100042BE7	0x00000023	[ 20] _emit_native_build.cold.1
0x100042C0A	0x00000023	[ 20] _emit_native_build.cold.2
0x100042C2D	0x00000023	[ 20] _emit_native_build.cold.3
0x100042C50	0x00000023	[ 20] _emit_native_build.cold.4
0x100042C73	0x00000023	[ 20] _emit_native_build.cold.5
0x100042C96	0x00000023	[ 20] _emit_native_build.cold.6
0x100042CB9	0x00000023	[ 20] _emit_native_store_map.cold.1
0x100042CDC	0x00000023	[ 20] _emit_native_store_map.cold.2
0x100042CFF	0x00000023	[ 20] _emit_native_store_map.cold.3
0x100042D22	0x00000023	[ 20] _emit_native_store_comp.cold.1
0x100042D45	0x00000023	[ 20] _emit_native_store_comp.cold.2
0x100042D68	0x00000023	[ 20] _emit_native_store_comp.cold.3
0x100042D8B	0x00000023	[ 20] _emit_native_store_comp.cold.4
0x100042DAE	0x00000023	[ 20] _emit_native_store_comp.cold.5
0x100042DD1	0x00000023	[ 20] _emit_native_unpack_sequence.cold.1
0x100042DF4	0x00000023	[ 20] _emit_native_unpack_ex.cold.1
0x100042E17	0x00000023	[ 20] _emit_native_call_function.cold.1
0x100042E3A	0x00000023	[ 20] _emit_native_call_function.cold.2
0x100042E5D	0x00000023	[ 20] _emit_native_call_function.cold.3
0x100042E80	0x00000023	[ 20] _emit_native_return_value.cold.1
0x100042EA3	0x00000023	[ 20] _emit_native_raise_varargs.cold.1
0x100042EC6	0x00000023	[ 20] _adjust_stack.cold.1
0x100042EE9	0x00000023	[ 20] _adjust_stack.cold.2
0x100042F0C	0x00000023	[ 20] _emit_native_leave_exc_stack.cold.1
0x100042F2F	0x00000023	[ 20] _emit_get_stack_pointer_to_reg_for_pop.cold.1
0x100042F52	0x00000023	[ 21] _asm_x86_jmp_label.cold.1
0x100042F75	0x00000023	[ 21] _asm_x86_jcc_label.cold.1
0x100042F98	0x00000023	[ 21] _asm_x86_entry.cold.1
0x100042FBB	0x00000023	[ 21] _asm_x86_mov_reg_pcrel.cold.1
0x100042FDE	0x00000023	[ 21] _asm_x86_call_ind.cold.1
0x100043002	0x00000023	[ 22] _emit_native_start_pass.cold.1
0x100043025	0x00000023	[ 22] _emit_native_end_pass.cold.1
0x100043048	0x00000023	[ 22] _emit_native_end_pass.cold.2
0x10004306B	0x00000023	[ 22] _emit_native_end_pass.cold.3
0x10004308E	0x00000023	[ 22] _emit_native_end_pass.cold.4
0x1000430B1	0x00000023	[ 22] _emit_native_store_global.cold.1
0x1000430D4	0x00000023	[ 22] _emit_native_import.cold.1
0x1000430F7	0x00000023	[ 22] _emit_native_import.cold.2
0x10004311A	0x00000023	[ 22] _emit_native_import.cold.3
0x10004313D	0x00000023	[ 22] _emit_native_import.cold.4
0x100043160	0x00000023	[ 22] _emit_native_load_method.cold.1
[...]
<<dead>> 	0x00000023	[ 73] _super_attr.cold.3
<<dead>> 	0x00000010	[ 73] 16-byte-literal
<<dead>> 	0x00000010	[ 73] 16-byte-literal
<<dead>> 	0x00000010	[ 73] 16-byte-literal
<<dead>> 	0x00000010	[ 73] 16-byte-literal
<<dead>> 	0x00000010	[ 73] 16-byte-literal
<<dead>> 	0x00000010	[ 73] 16-byte-literal
<<dead>> 	0x00000010	[ 73] 16-byte-literal
<<dead>> 	0x00000010	[ 73] 16-byte-literal
<<dead>> 	0x00000014	[ 73] literal string: mp_obj_new_instance
<<dead>> 	0x0000000A	[ 73] literal string: objtype.c
<<dead>> 	0x00000015	[ 73] literal string: num_native_bases < 2
<<dead>> 	0x00000019	[ 73] literal string: mp_obj_instance_make_new
<<dead>> 	0x0000001E	[ 73] literal string: mp_obj_is_instance_type(self)
<<dead>> 	0x00000028	[ 73] literal string: __init__() should return None, not '%s'
<<dead>> 	0x0000001B	[ 73] literal string: '%s' object isn't callable
<<dead>> 	0x00000028	[ 73] literal string: type '%q' isn't an acceptable base type
<<dead>> 	0x0000002E	[ 73] literal string: multiple bases have instance lay-out conflict
<<dead>> 	0x0000001C	[ 73] literal string: instance_count_native_bases
<<dead>> 	0x00000025	[ 73] literal string: mp_obj_is_type(*item, &mp_type_type)
<<dead>> 	0x00000014	[ 73] literal string: mp_obj_class_lookup
<<dead>> 	0x0000001F	[ 73] literal string: lookup->dest[0] == MP_OBJ_NULL
<<dead>> 	0x0000001F	[ 73] literal string: lookup->dest[1] == MP_OBJ_NULL
<<dead>> 	0x00000042	[ 73] literal string: mp_obj_is_dict_or_ordereddict(MP_OBJ_FROM_PTR(type->locals_dict))
<<dead>> 	0x0000000D	[ 73] literal string: <class '%q'>
<<dead>> 	0x0000001C	[ 73] literal string: type takes 1 or 3 arguments
<<dead>> 	0x0000001C	[ 73] literal string: can't create '%q' instances
<<dead>> 	0x0000000A	[ 73] literal string: type_attr
<<dead>> 	0x00000027	[ 73] literal string: mp_obj_is_type(self_in, &mp_type_type)
<<dead>> 	0x00000042	[ 73] literal string: mp_obj_is_dict_or_ordereddict(MP_OBJ_FROM_PTR(self->locals_dict))
<<dead>> 	0x00000035	[ 73] literal string: can't add special method to already-subclassed class
<<dead>> 	0x00000012	[ 73] literal string: <%s object at %p>
<<dead>> 	0x0000001A	[ 73] literal string: mp_obj_instance_load_attr
<<dead>> 	0x00000032	[ 73] literal string: mp_obj_is_instance_type(mp_obj_get_type(self_in))
<<dead>> 	0x00000015	[ 73] literal string: unreadable attribute
<<dead>> 	0x00000016	[ 73] literal string: mp_map_slot_is_filled
<<dead>> 	0x00000006	[ 73] literal string: obj.h
<<dead>> 	0x00000011	[ 73] literal string: pos < map->alloc
<<dead>> 	0x00000009	[ 73] literal string: <super: 
<<dead>> 	0x00000003	[ 73] literal string: , 
<<dead>> 	0x00000002	[ 73] literal string: >
<<dead>> 	0x0000000B	[ 73] literal string: super_attr
<<dead>> 	0x00000028	[ 73] literal string: mp_obj_is_type(self_in, &mp_type_super)
<<dead>> 	0x0000002A	[ 73] literal string: mp_obj_is_type(self->type, &mp_type_type)
<<dead>> 	0x00000028	[ 73] literal string: mp_obj_is_type(items[i], &mp_type_type)
<<dead>> 	0x00000023	[ 73] literal string: issubclass() arg 1 must be a class
<<dead>> 	0x00000039	[ 73] literal string: issubclass() arg 2 must be a class or a tuple of classes
<<dead>> 	0x0000001D	[ 73] literal string: static_class_method_make_new
<<dead>> 	0x0000003E	[ 73] literal string: self == &mp_type_staticmethod || self == &mp_type_classmethod
<<dead>> 	0x00000018	[ 73] _native_base_init_wrapper_obj
<<dead>> 	0x00000078	[ 73] _mp_type_type
<<dead>> 	0x00000078	[ 73] _mp_type_staticmethod
<<dead>> 	0x00000078	[ 73] _mp_type_super
<<dead>> 	0x00000010	[ 73] _mp_builtin_issubclass_obj
<<dead>> 	0x00000010	[ 73] _mp_builtin_isinstance_obj
<<dead>> 	0x00000078	[ 73] _mp_type_classmethod
<<dead>> 	0x00000010	[ 73] _mp_unary_op_method_name
<<dead>> 	0x00000025	[ 73] _mp_binary_op_method_name
<<dead>> 	0x00000066	[ 74] _zip_make_new
<<dead>> 	0x00000061	[ 74] _zip_iternext
<<dead>> 	0x00000078	[ 74] _mp_type_zip
<<dead>> 	0x00000027	[ 75] _op_getitem
<<dead>> 	0x00000031	[ 75] _op_setitem
<<dead>> 	0x00000024	[ 75] _op_delitem
<<dead>> 	0x00000027	[ 75] _op_contains
<<dead>> 	0x00000010	[ 75] _mp_op_getitem_obj
<<dead>> 	0x00000010	[ 75] _mp_op_setitem_obj
<<dead>> 	0x00000010	[ 75] _mp_op_delitem_obj
<<dead>> 	0x00000010	[ 75] _mp_op_contains_obj
<<dead>> 	0x0000003F	[ 76] _mp_seq_multiply
<<dead>> 	0x00000056	[ 76] _mp_seq_get_fast_slice_indexes
<<dead>> 	0x00000069	[ 76] _mp_seq_extract_slice
<<dead>> 	0x00000091	[ 76] _mp_seq_cmp_bytes
<<dead>> 	0x000000E4	[ 76] _mp_seq_cmp_objs
<<dead>> 	0x000000B3	[ 76] _mp_seq_index_obj
<<dead>> 	0x0000005B	[ 76] _mp_seq_count_obj
<<dead>> 	0x00000017	[ 76] literal string: object not in sequence
<<dead>> 	0x0000008D	[ 77] _mp_stream_rw
<<dead>> 	0x00000053	[ 77] _mp_get_stream_raise
<<dead>> 	0x0000000C	[ 77] _stream_read
<<dead>> 	0x0000000F	[ 77] _stream_read1
<<dead>> 	0x0000002D	[ 77] _mp_stream_write
<<dead>> 	0x0000000F	[ 77] _mp_stream_write_adaptor
<<dead>> 	0x00000094	[ 77] _stream_write_method
<<dead>> 	0x0000003F	[ 77] _stream_write1_method
<<dead>> 	0x000000B7	[ 77] _stream_readinto
<<dead>> 	0x000000DE	[ 77] _stream_unbuffered_readline
<<dead>> 	0x00000072	[ 77] _stream_unbuffered_readlines
<<dead>> 	0x00000034	[ 77] _mp_stream_unbuffered_iter
<<dead>> 	0x00000036	[ 77] _mp_stream_close
<<dead>> 	0x00000092	[ 77] _stream_seek
<<dead>> 	0x00000052	[ 77] _stream_tell
<<dead>> 	0x00000036	[ 77] _stream_flush
<<dead>> 	0x0000008F	[ 77] _stream_ioctl
<<dead>> 	0x00000269	[ 77] _stream_read_generic
<<dead>> 	0x0000001F	[ 77] literal string: stream operation not supported
<<dead>> 	0x00000018	[ 77] _mp_stream_read_obj
<<dead>> 	0x00000018	[ 77] _mp_stream_read1_obj
<<dead>> 	0x00000018	[ 77] _mp_stream_write_obj
<<dead>> 	0x00000010	[ 77] _mp_stream_write1_obj
<<dead>> 	0x00000018	[ 77] _mp_stream_readinto_obj
<<dead>> 	0x00000018	[ 77] _mp_stream_unbuffered_readline_obj
<<dead>> 	0x00000010	[ 77] _mp_stream_unbuffered_readlines_obj
<<dead>> 	0x00000010	[ 77] _mp_stream_close_obj
<<dead>> 	0x00000018	[ 77] _mp_stream_seek_obj
<<dead>> 	0x00000010	[ 77] _mp_stream_tell_obj
<<dead>> 	0x00000010	[ 77] _mp_stream_flush_obj
<<dead>> 	0x00000018	[ 77] _mp_stream_ioctl_obj
<<dead>> 	0x0000020C	[ 78] _mp_binary_get_size
<<dead>> 	0x00000128	[ 78] _mp_binary_get_val_array
<<dead>> 	0x00000056	[ 78] _mp_binary_get_int
<<dead>> 	0x00000133	[ 78] _mp_binary_get_val
<<dead>> 	0x0000003D	[ 78] _mp_binary_set_int
<<dead>> 	0x00000107	[ 78] _mp_binary_set_val
<<dead>> 	0x000000B8	[ 78] _mp_binary_set_val_array
<<dead>> 	0x000000DB	[ 78] _mp_binary_set_val_array_from_int
<<dead>> 	0x0000000D	[ 78] literal string: bad typecode
<<dead>> 	0x0000004B	[ 79] _mp_obj_is_package
<<dead>> 	0x000002DF	[ 79] _mp_builtin___import__
<<dead>> 	0x0000017A	[ 79] _evaluate_relative_import
<<dead>> 	0x00000054	[ 79] _stat_dir_or_file
<<dead>> 	0x00000033	[ 79] _do_load
<<dead>> 	0x00000023	[ 79] _evaluate_relative_import.cold.1
<<dead>> 	0x00000018	[ 79] _mp_builtin___import___obj
<<dead>> 	0x00000019	[ 79] literal string: evaluate_relative_import
<<dead>> 	0x00000010	[ 79] literal string: builtinimport.c
<<dead>> 	0x00000027	[ 79] literal string: current_module_name_obj != MP_OBJ_NULL
<<dead>> 	0x0000001E	[ 79] literal string: can't perform relative import
<<dead>> 	0x00000015	[ 79] literal string: no module named '%q'
<<dead>> 	0x0000000D	[ 79] literal string: /__init__.py
<<dead>> 	0x00000004	[ 79] literal string: .py
<<dead>> 	0x0000000F	[ 80] _mp_builtin_eval
<<dead>> 	0x0000000F	[ 80] _mp_builtin_exec
<<dead>> 	0x000000B4	[ 80] _eval_exec_helper
<<dead>> 	0x00000018	[ 80] _mp_builtin_eval_obj
<<dead>> 	0x00000018	[ 80] _mp_builtin_exec_obj
<<dead>> 	0x000000EC	[ 81] _mp_builtin___build_class__
<<dead>> 	0x00000012	[ 81] _mp_builtin_abs
<<dead>> 	0x00000041	[ 81] _mp_builtin_all
<<dead>> 	0x00000041	[ 81] _mp_builtin_any
<<dead>> 	0x0000004C	[ 81] _mp_builtin_bin
<<dead>> 	0x00000016	[ 81] _mp_builtin_callable
<<dead>> 	0x000000D2	[ 81] _mp_builtin_chr
<<dead>> 	0x00000102	[ 81] _mp_builtin_dir
<<dead>> 	0x00000015	[ 81] _mp_builtin_divmod
<<dead>> 	0x00000012	[ 81] _mp_builtin_hash
<<dead>> 	0x00000017	[ 81] _mp_builtin_hex
<<dead>> 	0x0000000C	[ 81] _mp_builtin_iter
<<dead>> 	0x0000000F	[ 81] _mp_builtin_max
<<dead>> 	0x0000000C	[ 81] _mp_builtin_min
<<dead>> 	0x00000020	[ 81] _mp_builtin_next
<<dead>> 	0x00000017	[ 81] _mp_builtin_oct
<<dead>> 	0x00000090	[ 81] _mp_builtin_ord
<<dead>> 	0x0000002B	[ 81] _mp_builtin_pow
<<dead>> 	0x000000C9	[ 81] _mp_builtin_print
<<dead>> 	0x0000003E	[ 81] _mp_builtin___repl_print__
<<dead>> 	0x00000052	[ 81] _mp_builtin_repr
<<dead>> 	0x0000009E	[ 81] _mp_builtin_round
<<dead>> 	0x0000005A	[ 81] _mp_builtin_sum
<<dead>> 	0x00000057	[ 81] _mp_builtin_sorted
<<dead>> 	0x00000091	[ 81] _mp_builtin_getattr
<<dead>> 	0x0000002D	[ 81] _mp_builtin_setattr
<<dead>> 	0x0000002A	[ 81] _mp_builtin_delattr
<<dead>> 	0x00000069	[ 81] _mp_builtin_hasattr
<<dead>> 	0x00000011	[ 81] _mp_builtin_globals
<<dead>> 	0x00000011	[ 81] _mp_builtin_locals
<<dead>> 	0x0000014F	[ 81] _mp_builtin_min_max
<<dead>> 	0x00000021	[ 81] _mp_builtin___build_class__.cold.1
<<dead>> 	0x00000023	[ 81] _mp_builtin_dir.cold.1
<<dead>> 	0x00000018	[ 81] _mp_builtin___build_class___obj
<<dead>> 	0x00000010	[ 81] _mp_builtin_abs_obj
<<dead>> 	0x00000010	[ 81] _mp_builtin_all_obj
<<dead>> 	0x00000010	[ 81] _mp_builtin_any_obj
<<dead>> 	0x00000010	[ 81] _mp_builtin_bin_obj
<<dead>> 	0x00000010	[ 81] _mp_builtin_callable_obj
<<dead>> 	0x00000010	[ 81] _mp_builtin_chr_obj
<<dead>> 	0x00000018	[ 81] _mp_builtin_dir_obj
<<dead>> 	0x00000010	[ 81] _mp_builtin_divmod_obj
<<dead>> 	0x00000010	[ 81] _mp_builtin_hash_obj
<<dead>> 	0x00000010	[ 81] _mp_builtin_hex_obj
<<dead>> 	0x00000010	[ 81] _mp_builtin_iter_obj
<<dead>> 	0x00000018	[ 81] _mp_builtin_max_obj
<<dead>> 	0x00000018	[ 81] _mp_builtin_min_obj
<<dead>> 	0x00000010	[ 81] _mp_builtin_next_obj
<<dead>> 	0x00000010	[ 81] _mp_builtin_oct_obj
<<dead>> 	0x00000010	[ 81] _mp_builtin_ord_obj
<<dead>> 	0x00000018	[ 81] _mp_builtin_pow_obj
<<dead>> 	0x00000018	[ 81] _mp_builtin_print_obj
<<dead>> 	0x00000010	[ 81] _mp_builtin___repl_print___obj
<<dead>> 	0x00000010	[ 81] _mp_builtin_repr_obj
<<dead>> 	0x00000018	[ 81] _mp_builtin_round_obj
<<dead>> 	0x00000018	[ 81] _mp_builtin_sum_obj
<<dead>> 	0x00000018	[ 81] _mp_builtin_sorted_obj
<<dead>> 	0x00000018	[ 81] _mp_builtin_getattr_obj
<<dead>> 	0x00000010	[ 81] _mp_builtin_setattr_obj
<<dead>> 	0x00000010	[ 81] _mp_builtin_delattr_obj
<<dead>> 	0x00000010	[ 81] _mp_builtin_hasattr_obj
<<dead>> 	0x00000010	[ 81] _mp_builtin_globals_obj
<<dead>> 	0x00000010	[ 81] _mp_builtin_locals_obj
<<dead>> 	0x00000010	[ 81] _mp_builtin_id_obj
<<dead>> 	0x00000010	[ 81] _mp_builtin_len_obj
<<dead>> 	0x000005B0	[ 81] _mp_module_builtins_globals_table
<<dead>> 	0x00000020	[ 81] _mp_module_builtins_globals
<<dead>> 	0x00000010	[ 81] _mp_module_builtins
<<dead>> 	0x0000001B	[ 81] literal string: mp_builtin___build_class__
<<dead>> 	0x0000000E	[ 81] literal string: modbuiltins.c
<<dead>> 	0x0000000C	[ 81] literal string: 2 <= n_args
<<dead>> 	0x00000021	[ 81] literal string: chr() arg not in range(0x110000)
<<dead>> 	0x00000016	[ 81] literal string: mp_map_slot_is_filled
<<dead>> 	0x00000006	[ 81] literal string: obj.h
<<dead>> 	0x00000011	[ 81] literal string: pos < map->alloc
<<dead>> 	0x00000019	[ 81] literal string: arg is an empty sequence
<<dead>> 	0x0000003A	[ 81] literal string: ord() expected a character, but string of length %d found
<<dead>> 	0x0000001A	[ 81] literal string: 3-arg pow() not supported
<<dead>> 	0x00000002	[ 81] literal string: \n
<<dead>> 	0x0000002B	[ 81] literal string: must use keyword argument for key function
<<dead>> 	0x00000020	[ 81] _mp_builtin_print.allowed_args
<<dead>> 	0x0000003C	[ 82] _mp_micropython_opt_level
<<dead>> 	0x00000010	[ 82] _mp_micropython_heap_lock
<<dead>> 	0x0000001C	[ 82] _mp_micropython_heap_unlock
<<dead>> 	0x00000010	[ 82] _mp_module_micropython
<<dead>> 	0x00000050	[ 82] _mp_module_micropython_globals_table
<<dead>> 	0x00000020	[ 82] _mp_module_micropython_globals
<<dead>> 	0x00000018	[ 82] _mp_micropython_opt_level_obj
<<dead>> 	0x00000010	[ 82] _mp_micropython_heap_lock_obj
<<dead>> 	0x00000010	[ 82] _mp_micropython_heap_unlock_obj
<<dead>> 	0x0000002A	[ 83] _struct_calcsize
<<dead>> 	0x000001DD	[ 83] _struct_unpack_from
<<dead>> 	0x0000008C	[ 83] _struct_pack
<<dead>> 	0x000000B3	[ 83] _struct_pack_into
<<dead>> 	0x000000F0	[ 83] _calc_size_items
<<dead>> 	0x00000049	[ 83] _get_fmt_num
<<dead>> 	0x00000172	[ 83] _struct_pack_into_internal
<<dead>> 	0x00000010	[ 83] _struct_calcsize_obj
<<dead>> 	0x00000018	[ 83] _struct_unpack_from_obj
<<dead>> 	0x00000018	[ 83] _struct_pack_obj
<<dead>> 	0x00000018	[ 83] _struct_pack_into_obj
<<dead>> 	0x00000018	[ 83] _mp_module_ustruct
<<dead>> 	0x00000060	[ 83] _mp_module_struct_globals_table
<<dead>> 	0x00000020	[ 83] _mp_module_struct_globals
<<dead>> 	0x00000011	[ 83] literal string: buffer too small
<<dead>> 	0x00001B90	[ 84] _mp_execute_bytecode
<<dead>> 	0x00000030	[ 84] _mp_execute_bytecode.cold.1
<<dead>> 	0x00000030	[ 84] _mp_execute_bytecode.cold.2
<<dead>> 	0x00000030	[ 84] _mp_execute_bytecode.cold.3
<<dead>> 	0x00000030	[ 84] _mp_execute_bytecode.cold.4
<<dead>> 	0x00000030	[ 84] _mp_execute_bytecode.cold.5
<<dead>> 	0x00000030	[ 84] _mp_execute_bytecode.cold.6
<<dead>> 	0x00000030	[ 84] _mp_execute_bytecode.cold.7
<<dead>> 	0x00000030	[ 84] _mp_execute_bytecode.cold.8
<<dead>> 	0x00000030	[ 84] _mp_execute_bytecode.cold.9
<<dead>> 	0x00000030	[ 84] _mp_execute_bytecode.cold.10
<<dead>> 	0x00000030	[ 84] _mp_execute_bytecode.cold.11
<<dead>> 	0x00000023	[ 84] _mp_execute_bytecode.cold.12
<<dead>> 	0x0000002C	[ 84] literal string: local variable referenced before assignment
<<dead>> 	0x00000014	[ 84] literal string: mp_execute_bytecode
<<dead>> 	0x00000005	[ 84] literal string: vm.c
<<dead>> 	0x00000024	[ 84] literal string: mp_obj_is_exception_instance(TOP())
<<dead>> 	0x00000014	[ 84] literal string: exc_sp >= exc_stack
<<dead>> 	0x00000029	[ 84] literal string: &sp[-1] == MP_TAGPTR_PTR(exc_sp->val_sp)
<<dead>> 	0x00000040	[ 84] literal string: sp[-1] == mp_const_none || mp_obj_is_exception_instance(sp[-1])
<<dead>> 	0x00000018	[ 84] literal string: exc_sp == exc_stack - 1
<<dead>> 	0x0000001F	[ 84] literal string: no active exception to reraise
<<dead>> 	0x00000021	[ 84] literal string: exception chaining not supported
<<dead>> 	0x00000023	[ 84] literal string: ret_kind == MP_VM_RETURN_EXCEPTION
<<dead>> 	0x0000003F	[ 84] literal string: !EXC_MATCH(ret_value, MP_OBJ_FROM_PTR(&mp_type_StopIteration))
<<dead>> 	0x00000007	[ 84] literal string: opcode
<<dead>> 	0x0000008E	[ 85] _mp_encode_uint
<<dead>> 	0x00000027	[ 85] _mp_decode_uint
<<dead>> 	0x00000021	[ 85] _mp_decode_uint_value
<<dead>> 	0x00000012	[ 85] _mp_decode_uint_skip
<<dead>> 	0x0000001D	[ 85] _mp_setup_code_state
<<dead>> 	0x0000059A	[ 85] _mp_setup_code_state_helper
<<dead>> 	0x00000012	[ 85] _mp_setup_code_state_native
<<dead>> 	0x00000030	[ 85] _fun_pos_args_mismatch
<<dead>> 	0x0000002F	[ 85] literal string: function got multiple values for argument '%q'
<<dead>> 	0x00000021	[ 85] literal string: unexpected keyword argument '%q'
<<dead>> 	0x00000032	[ 85] literal string: function missing required positional argument #%d
<<dead>> 	0x00000030	[ 85] literal string: function missing required keyword argument '%q'
<<dead>> 	0x00000027	[ 85] literal string: function missing keyword-only argument
<<dead>> 	0x00000035	[ 85] literal string: %q() takes %d positional arguments but %d were given
<<dead>> 	0x00000080	[ 86] _mp_small_int_mul_overflow
<<dead>> 	0x00000028	[ 86] _mp_small_int_modulo
<<dead>> 	0x0000002E	[ 86] _mp_small_int_floor_divide
<<dead>> 	0x000006D8	[ 87] _main_
<<dead>> 	0x00000037	[ 87] _usage
<<dead>> 	0x0000001F	[ 87] _main
<<dead>> 	0x00000008	[ 87] _mp_import_stat
<<dead>> 	0x00000029	[ 87] _nlr_jump_fail
<<dead>> 	0x0000000F	[ 87] _stderr_print_strn
<<dead>> 	0x00000008	[ 87] _heap_size
<<dead>> 	0x00000003	[ 87] literal string: -X
<<dead>> 	0x0000000A	[ 87] literal string: --version
<<dead>> 	0x00000003	[ 87] literal string: -v
<<dead>> 	0x00000003	[ 87] literal string: -O
<<dead>> 	0x00000003	[ 87] literal string: -o
<<dead>> 	0x00000003	[ 87] literal string: -s
<<dead>> 	0x00000012	[ 87] literal string: -msmall-int-bits=
<<dead>> 	0x00000008	[ 87] literal string: -march=
<<dead>> 	0x00000004	[ 87] literal string: x86
<<dead>> 	0x00000004	[ 87] literal string: x64
<<dead>> 	0x00000006	[ 87] literal string: armv6
<<dead>> 	0x00000007	[ 87] literal string: armv6m
<<dead>> 	0x00000007	[ 87] literal string: armv7m
<<dead>> 	0x00000008	[ 87] literal string: armv7em
<<dead>> 	0x0000000A	[ 87] literal string: armv7emsp
<<dead>> 	0x0000000A	[ 87] literal string: armv7emdp
<<dead>> 	0x00000007	[ 87] literal string: xtensa
<<dead>> 	0x0000000A	[ 87] literal string: xtensawin
<<dead>> 	0x00000016	[ 87] literal string: multiple input files\n
<<dead>> 	0x0000000F	[ 87] literal string: no input file\n
<<dead>> 	0x00000018	[ 87] literal string: FATAL: uncaught NLR %p\n
<<dead>> 	0x0000000E	[ 87] literal string: emit=bytecode
<<dead>> 	0x0000000C	[ 87] literal string: emit=native
<<dead>> 	0x0000000B	[ 87] literal string: emit=viper
<<dead>> 	0x0000000A	[ 87] literal string: heapsize=
<<dead>> 	0x00000277	[ 87] literal string: usage: %s [<opts>] [-X <implopt>] <input filename>\nOptions:\n--version : show version information\n-o : output file for compiled bytecode (defaults to input with .mpy extension)\n-s : source filename to embed in the compiled bytecode (defaults to input file)\n-v : verbose (trace various operations); can be multiple\n-O[N] : apply bytecode optimizations of level N\n\nTarget specific options:\n-msmall-int-bits=number : set the maximum bits used to encode a small-int\n-march=<arch> : set architecture for native emitter; x86, x64, armv6, armv6m, armv7m, armv7em, armv7emsp, armv7emdp, xtensa, xtensawin\n\nImplementation specific options:\n
<<dead>> 	0x0000003E	[ 87] literal string:   heapsize=<n> -- set the heap size for the GC (default %ld)\n
<<dead>> 	0x00000004	[ 87] literal string: mpy
<<dead>> 	0x00000050	[ 87] literal string: MicroPython v1.19.1-3-g12339dca4-dirty on 2023-03-22; mpy-cross emitting mpy v6
<<dead>> 	0x0000003F	[ 87] literal string:   emit={bytecode,native,viper} -- set the default code emitter
<<dead>> 	0x00000010	[ 87] _mp_stderr_print
<<dead>> 	0x00000008	[ 87] _mp_verbose_flag
<<dead>> 	0x00000004	[ 87] _emit_opt
<<dead>> 	0x00000014	[ 88] _gc_collect
<<dead>> 	0x00000074	[ 89] _gc_helper_collect_regs_and_stack
<<dead>> 	0x00000000	[  0] __mh_execute_header
<<dead>> 	0x00000000	[  0] ___dso_handle
<<dead>> 	0x100000000	[  0] page zero
<<dead>> 	0x00000000	[ 90] ____chkstk_darwin
<<dead>> 	0x00000000	[ 90] ___assert_rtn
<<dead>> 	0x00000000	[ 90] ___bzero
<<dead>> 	0x00000000	[ 90] ___error
<<dead>> 	0x00000000	[ 90] ___exp10
<<dead>> 	0x00000000	[ 90] ___memcpy_chk
<<dead>> 	0x00000000	[ 90] ___sincos_stret
<<dead>> 	0x00000000	[ 90] ___stack_chk_fail
<<dead>> 	0x00000000	[ 90] ___stack_chk_guard
<<dead>> 	0x00000000	[ 90] ___stderrp
<<dead>> 	0x00000000	[ 90] _atan2
<<dead>> 	0x00000000	[ 90] _close
<<dead>> 	0x00000000	[ 90] _exit
<<dead>> 	0x00000000	[ 90] _exp
<<dead>> 	0x00000000	[ 90] _fmod
<<dead>> 	0x00000000	[ 90] _fprintf
<<dead>> 	0x00000000	[ 90] _log
<<dead>> 	0x00000000	[ 90] _malloc
<<dead>> 	0x00000000	[ 90] _memchr
<<dead>> 	0x00000000	[ 90] _memcmp
<<dead>> 	0x00000000	[ 90] _memcpy
<<dead>> 	0x00000000	[ 90] _memmove
<<dead>> 	0x00000000	[ 90] _memset
<<dead>> 	0x00000000	[ 90] _nan
<<dead>> 	0x00000000	[ 90] _open
<<dead>> 	0x00000000	[ 90] _pow
<<dead>> 	0x00000000	[ 90] _printf
<<dead>> 	0x00000000	[ 90] _puts
<<dead>> 	0x00000000	[ 90] _read
<<dead>> 	0x00000000	[ 90] _strchr
<<dead>> 	0x00000000	[ 90] _strcmp
<<dead>> 	0x00000000	[ 90] _strlen
<<dead>> 	0x00000000	[ 90] _strncmp
<<dead>> 	0x00000000	[ 90] _strtol
<<dead>> 	0x00000000	[ 90] _write
